04-17 16:26:09.215  3502  3733 D HnDesktopTemplate-HnTemplateController: handleRequest: request=TransitionRequestInfo { type = FIRST_CUSTOM+1011, triggerTask = TaskInfo{userId=0 taskId=360 effectiveUid=10257 displayId=0 isRunning=true baseIntent=Intent { act=android.intent.action.MAIN cat=[android.intent.category.LAUNCHER] flg=0x10200000 cmp=com.udake.app/.MainActivity } baseActivity=ComponentInfo{com.udake.app/com.udake.app.MainActivity} topActivity=ComponentInfo{com.udake.app/com.udake.app.MainActivity} origActivity=null realActivity=ComponentInfo{com.udake.app/com.udake.app.MainActivity} launchedFromPackage=com.hihonor.android.launcher forceRotateMode=-1 numActivities=1 lastActiveTime=23781503 isSupportsHwFreeForm=true supportsHnSplitScreenMultiWindow=true supportsHnTopBotSplitScreenfalse supportsMultiWindow=true resizeMode=1 isResizeable=true minWidth=-1 minHeight=-1 defaultMinSize=220 token=WCT{android.window.IWindowContainerToken$Stub$Proxy@734fa89} topActivityType=1 pictureInPictureParams=null isAutoRemoveRecents=false shouldDockBigOverlays=false launchIntoPipHostTaskId=-1 lastParentTaskIdBeforePip=-1 displayCutoutSafeInsets=Rect(0, 0 - 0, 0) topActivityInfo=ActivityInfo{4da9a8e com.udake.app.MainActivity} windowMode=5 launchCookies=[] positionInParent=Point(1165, 253) parentTaskId=-1 isFocused=true isVisible=true isFreeformEnterPip=false isVisibleRequested=true isTopActivityNoDisplay=false isSleeping=false locusId=null displayAreaFeatureId=1 isTopActivityTransparent=false isActivityStackTransparent=false lastNonFullscreenBounds=Rect(1165, 253 - 3443, 1790) capturedLink=null capturedLinkTimestamp=0 requestedVisibleTypes=-9 topActivityRequestOpenInBrowserEducationTimestamp=0 appCompatTaskInfo=AppCompatTaskInfo { topActivityInSizeCompat=false eligibleForLetterboxEducation= false isLetterboxEducationEnabled= false isLetterboxDoubleTapEnabled= false eligibleForUserAspectRatioButton= false topActivityBoundsLetterboxed= false isFromLetterboxDoubleTap= false topActivityLetterboxVerticalPosition= -1 topActivityLetterboxHorizontalPosition= -1 topActivityLetterboxWidth=-1 topActivityLetterboxHeight=-1 topActivityAppBounds=Rect(1165, 253 - 3443, 1790) isUserFullscreenOverrideEnabled=false isSystemFullscreenOverrideEnabled=false hasMinAspectRatioOverride=false topActivityLetterboxBounds=null cameraCompatTaskInfo=CameraCompatTaskInfo { freeformCameraCompatMode=inactive}} topActivityMainWindowFrame=null hnTaskInfoEx=HnTaskInfoEx{freeformPaddingType=0 shouldFreeformSetSurfaceCorner=true affinity=10257:com.udake.app shouldBeVisible=true appOrientationPolicy=1 gridLimitedPolicy=-1 forceResize=-1 extraPackageName=null extraUserId=0 shouldExitMiniWindow=false mIsCustomizedFreeformWindow=false mCustomizedWindowProp=null isDeskTopFreeformAlive=false isSupportDesktopModeFreeform=true isCallerRecents=false isNeedLaunchInSamePosition=false isDisableNotSupportToast=false isNeedLaunchInCaller=false isExitDesktopModeWhenStart=false isSupportLandScapeFreeform=true isSupportLandScapeFreeformLikePC=false isEmptyTaskStartFromRecentForDesktop=false mIsLauncherFromHnEmbedded=false isSupportForceLandscapeFreeformForPad=false mCallerPackageName=com.android.shell mIsTempSplitScreen=false mIsCreatedByOrganizer=false isSupportSave=true isSupportForceLaunchInFreeformInDesktopMode=false shouldHideWindowDecorForDesktop=false desktopTemplateSteplessRatio=-1 mShouldNotHandledForDesktop=0 mNotSupportExpandSplitScreen=false isNotAllowFreeSplitScreen=false isSupportsHnFreeform=true isTopClearAndUnSupportExpandSplitScreen=false mTopActivityName=null mNotSupportMagicWinInExtendedSplit=false mIsReorderLayerPendingSplit=false mIsFullToFreeformSpecialTask=false isDesktopFirstStartMode=-1 isTopActivityImmersive=false isActivityUnSupportHnDesktopModeFreeForm=false mIgnoreLandscapeFreeformSwitch=false mMiniProgramKeyAppIAd=null mMiniProgramId=null mSupportAdjustSplitScreenRatioAtPhoneLand=false isDesktopEnableDensityMode:-1} targetScaleForVerticalInwardFold=1.0}, pipChange = null, remoteTransition = null, displayChange = null, flags = 0, debugId = 64, displayMode = 0, mC
04-17 16:26:09.218  3502  3733 I HnTaskbarDesktopModeWindowBoundsCalculator: needCalculateWindowBounds mReplacedTaskBounds=Rect(0, 0 - 0, 0) mDropPosition=Point(-1, -1)
04-17 16:26:09.218  3502  3733 I ShellDesktopMode: DesktopTasksController: handleFullscreenTaskLaunch
04-17 16:26:09.218  3502  3733 D ShellDesktopMode: DesktopTaskRepo: visibleTaskCount= 1
04-17 16:26:09.218  3502  3733 D ShellDesktopMode: DesktopTasksController: switch fullscreen task to freeform on transition taskId=360
04-17 16:26:09.218  1960  2101 D RenderEngine: [Task=360#733] set isRequiresLinearEffect false when dimming ratio equals 1.
04-17 16:26:09.218  1960  2101 D RenderEngine: [com.udake.app/com.udake.app.MainActivity#746] set isRequiresLinearEffect false when dimming ratio equals 1.
04-17 16:26:09.219  1960  2101 D RenderEngine: [Dim Layer for - Task=360#761] set isRequiresLinearEffect false when dimming ratio equals 1.
04-17 16:26:09.219  1960  2101 D RenderEngine: [com.udake.app/com.udake.app.MainActivity#759] set isRequiresLinearEffect false when dimming ratio equals 1.
04-17 16:26:09.219  1960  2101 D RenderEngine: [DesktopMode of Task=360#742] set isRequiresLinearEffect false when dimming ratio equals 1.
04-17 16:26:09.225  3502  3733 I HnFreeFormAssistant: get appRecord:com.udake.app-0 isFullScreen:false
04-17 16:26:09.225  3502  3733 I HnFreeFormAssistant: get taskRecord:com.udake.app-0 isFullScreen:false
04-17 16:26:09.225  3502  3733 I HnFreeFormAssistant: get firstStartRecord:com.udake.app-0 isFullScreen:false
04-17 16:26:09.225  3502  3733 I ShellDesktopMode: DesktopTasksController: tdaWindowingMode: 1, targetWindowingMode: 5, taskWindowingMode: 5
04-17 16:26:09.227  3502 20129 D HiView.HiEvent: mTime.getTime() = 0 : currentTime = 1776414369227
04-17 16:26:09.227  3502 20129 I HiView.HiEvent: Flatten done:991311072
04-17 16:26:09.227  3502  3733 I ShellDesktopMode: setTaskDensityDpiIfNeed getHnDesktopModeOverrideDensityEnable false, set default dpi400
04-17 16:26:09.227  3502  3733 I ShellDesktopMode: DesktopTasksController: addMinimizeBackTaskChangesIfNeeded, newFrontTask=360
04-17 16:26:09.230  3502  3733 I ShellDesktopMode: DesktopTasksController: no need to minimize; tasks below limit
04-17 16:26:09.230  3502  3733 D ShellDesktopMode: DesktopTasksController: launch apps with template=false
04-17 16:26:09.230  3502  3733 I ShellDesktopMode: DesktopTasksController: handleRequest result=WindowContainerTransaction { changes= {} hops= [] errorCallbackToken=null taskFragmentOrganizer=null }
04-17 16:26:09.231  3502  3733 V WindowManagerShell: Transition (#64): request handled by HnDesktopTasksController
04-17 16:26:09.233  2720  2793 I HnTransitionEx: skipAddLauncherForFreeformScene, visibleFreeformTaskNum:1
04-17 16:26:09.233  2720  2793 I HnTransitionEx: skipAddLauncherForFreeformScene, visibleFreeformTaskNum:1
04-17 16:26:09.233  2720  2793 I WMTransition: Rejecting as detached: ActivityRecord{198766489 u0 com.udake.app/.MainActivity t-1}
04-17 16:26:09.233  2720  2789 V WindowManager: Sent Transition (#64) createdAt=04-17 16:26:09.185 via request=TransitionRequestInfo { type = FIRST_CUSTOM+1011, triggerTask = TaskInfo{userId=0 taskId=360 effectiveUid=10257 displayId=0 isRunning=true baseIntent=Intent { act=android.intent.action.MAIN cat=[android.intent.category.LAUNCHER] flg=0x10200000 cmp=com.udake.app/.MainActivity } baseActivity=ComponentInfo{com.udake.app/com.udake.app.MainActivity} topActivity=ComponentInfo{com.udake.app/com.udake.app.MainActivity} origActivity=null realActivity=ComponentInfo{com.udake.app/com.udake.app.MainActivity} launchedFromPackage=com.hihonor.android.launcher forceRotateMode=-1 numActivities=1 lastActiveTime=23781503 isSupportsHwFreeForm=true supportsHnSplitScreenMultiWindow=true supportsHnTopBotSplitScreenfalse supportsMultiWindow=true resizeMode=1 isResizeable=true minWidth=-1 minHeight=-1 defaultMinSize=220 token=WCT{RemoteToken{840df98 Task{a9c025f #360 type=standard A=10257:com.udake.app}}} topActivityType=1 pictureInPictureParams=null isAutoRemoveRecents=false shouldDockBigOverlays=false launchIntoPipHostTaskId=-1 lastParentTaskIdBeforePip=-1 displayCutoutSafeInsets=Rect(0, 0 - 0, 0) topActivityInfo=ActivityInfo{fda4bbd com.udake.app.MainActivity} windowMode=5 launchCookies=[] positionInParent=Point(1165, 253) parentTaskId=-1 isFocused=true isVisible=true isFreeformEnterPip=false isVisibleRequested=true isTopActivityNoDisplay=false isSleeping=false locusId=null displayAreaFeatureId=1 isTopActivityTransparent=false isActivityStackTransparent=false lastNonFullscreenBounds=Rect(1165, 253 - 3443, 1790) capturedLink=null capturedLinkTimestamp=0 requestedVisibleTypes=-9 topActivityRequestOpenInBrowserEducationTimestamp=0 appCompatTaskInfo=AppCompatTaskInfo { topActivityInSizeCompat=false eligibleForLetterboxEducation= false isLetterboxEducationEnabled= false isLetterboxDoubleTapEnabled= false eligibleForUserAspectRatioButton= false topActivityBoundsLetterboxed= false isFromLetterboxDoubleTap= false topActivityLetterboxVerticalPosition= -1 topActivityLetterboxHorizontalPosition= -1 topActivityLetterboxWidth=-1 topActivityLetterboxHeight=-1 topActivityAppBounds=Rect(1165, 253 - 3443, 1790) isUserFullscreenOverrideEnabled=false isSystemFullscreenOverrideEnabled=false hasMinAspectRatioOverride=false topActivityLetterboxBounds=null cameraCompatTaskInfo=CameraCompatTaskInfo { freeformCameraCompatMode=inactive}} topActivityMainWindowFrame=null hnTaskInfoEx=HnTaskInfoEx{freeformPaddingType=0 shouldFreeformSetSurfaceCorner=true affinity=10257:com.udake.app shouldBeVisible=true appOrientationPolicy=1 gridLimitedPolicy=-1 forceResize=-1 extraPackageName=null extraUserId=0 shouldExitMiniWindow=false mIsCustomizedFreeformWindow=false mCustomizedWindowProp=null isDeskTopFreeformAlive=false isSupportDesktopModeFreeform=true isCallerRecents=false isNeedLaunchInSamePosition=false isDisableNotSupportToast=false isNeedLaunchInCaller=false isExitDesktopModeWhenStart=false isSupportLandScapeFreeform=true isSupportLandScapeFreeformLikePC=false isEmptyTaskStartFromRecentForDesktop=false mIsLauncherFromHnEmbedded=false isSupportForceLandscapeFreeformForPad=false mCallerPackageName=com.android.shell mIsTempSplitScreen=false mIsCreatedByOrganizer=false isSupportSave=true isSupportForceLaunchInFreeformInDesktopMode=false shouldHideWindowDecorForDesktop=false desktopTemplateSteplessRatio=-1 mShouldNotHandledForDesktop=0 mNotSupportExpandSplitScreen=false isNotAllowFreeSplitScreen=false isSupportsHnFreeform=true isTopClearAndUnSupportExpandSplitScreen=false mTopActivityName=null mNotSupportMagicWinInExtendedSplit=false mIsReorderLayerPendingSplit=false mIsFullToFreeformSpecialTask=false isDesktopFirstStartMode=-1 isTopActivityImmersive=false isActivityUnSupportHnDesktopModeFreeForm=false mIgnoreLandscapeFreeformSwitch=false mMiniProgramKeyAppIAd=null mMiniProgramId=null mSupportAdjustSplitScreenRatioAtPhoneLand=false isDesktopEnableDensityMode:-1} targetScaleForVerticalInwardFold=1.0}, pipChange = null, remoteTransition = null, displayChange = null, flags = 0
04-17 16:26:09.233  3502  3948 V WindowManagerShell: onTransitionReady(transaction=11682311049797)
04-17 16:26:09.233  2720  2789 V WindowManager:     startWCT=WindowContainerTransaction { changes= {} hops= [] errorCallbackToken=null taskFragmentOrganizer=null }
04-17 16:26:09.233  3502  3733 D WindowManagerShell: onActivityRestartAttempt: topActivity=ComponentInfo{com.udake.app/com.udake.app.MainActivity}, wasVisible=true
04-17 16:26:09.233  2720  2789 V WindowManager:     info={id=64 t=FIRST_CUSTOM+1011 f=0x0 trk=0 includeEmbeddedWindow=false isKeyGuardLocked=false r=[] c=[]}
04-17 16:26:09.235  3502  3733 V WindowManagerShell: onTransitionReady (#64) android.os.BinderProxy@15b4190: {id=64 t=FIRST_CUSTOM+1011 f=0x0 trk=0 includeEmbeddedWindow=false isKeyGuardLocked=false r=[] c=[]}
04-17 16:26:09.236  3502  3733 V ShellDesktopMode: DesktopModeLogger: taskInfo map after processing changes 1
04-17 16:26:09.237  3502  3733 I WindowManagerShell: No transition roots in (#64) android.os.BinderProxy@15b4190@0 so abort
04-17 16:26:09.237  3502  3733 I ShellTransitions: Transition ready: (#64) android.os.BinderProxy@15b4190@0 abort? true and playing: null
04-17 16:26:09.237  3502  3733 I ShellTransitions: Active animation finished=(#64) android.os.BinderProxy@15b4190@0, merged=null, aborted=true
04-17 16:26:09.237  3502  3733 I HnFreeformController: setIsFreeformAnimRunning taskId354freeformAnimRunning:false
04-17 16:26:09.237  3502  3733 I HnFreeformController: setIsFreeformAnimRunning taskId360freeformAnimRunning:false
04-17 16:26:09.237  3502  3733 I HnFreeformController: onTransitionFinished: isMiniformTransition = false
04-17 16:26:09.237  3502  3733 I HnFreeformController: taskId 354 has gotten captionHeight: 80
04-17 16:26:09.237  3502  3733 I HnFreeformController: onTransitionFinished: setWindowCrop: Rect(-1, -81 - 2279, 1538), setCornerRadius for task id = 354
04-17 16:26:09.238  1960  1960 I VariableRefreshRateHandler: setCurrentSignals: scored layer size: 1
04-17 16:26:09.238  1960  1960 I VariableRefreshRateHandler: setCurrentSignals: layerName Wallpaper BBQ wrapper#203, type Min, desiredRefreshRate 0.00
04-17 16:26:09.239  2720  5856 I BLASTSyncEngine: transaction commit callback: 64
04-17 16:26:09.239  1960  2101 D RenderEngine: [Task=360#733] set isRequiresLinearEffect false when dimming ratio equals 1.
04-17 16:26:09.239  1960  2101 D RenderEngine: [com.udake.app/com.udake.app.MainActivity#746] set isRequiresLinearEffect false when dimming ratio equals 1.
04-17 16:26:09.239  1960  2101 D RenderEngine: [Dim Layer for - Task=360#761] set isRequiresLinearEffect false when dimming ratio equals 1.
04-17 16:26:09.239  1960  2101 D RenderEngine: [com.udake.app/com.udake.app.MainActivity#759] set isRequiresLinearEffect false when dimming ratio equals 1.
04-17 16:26:09.239  1960  2101 D RenderEngine: [DesktopMode of Task=360#742] set isRequiresLinearEffect false when dimming ratio equals 1.
04-17 16:26:09.240  3502  3733 I SurfaceControl: setWindowCrop sc Surface(name=Task=354)/@0xabd5da2 crop Rect(-1, -81 - 2279, 1538) callers com.android.wm.shell.hnfreeform.HnFreeformController.onTransitionFinished:356 com.android.wm.shell.freeform.FreeformTaskTransitionObserver.lambda$onHnFreeformTransitionFinished$18:1 com.android.wm.shell.freeform.FreeformTaskTransitionObserver.$r8$lambda$baLsxvI1tPmnoIl5aG8rz_myqzo:1 com.android.wm.shell.freeform.FreeformTaskTransitionObserver$$ExternalSyntheticLambda16.accept:9 
04-17 16:26:09.240  3502  3733 I HnRunningFreeformTaskInfo: getRunningTransition: mRunningTaskInfo354null
04-17 16:26:09.240  3502  3733 I HnFreeformController: onTransitionFinished: isMiniformTransition = false
04-17 16:26:09.240  3502  3733 I HnFreeformController: taskId 360 has gotten captionHeight: 80
04-17 16:26:09.240  3502  3733 I HnFreeformController: onTransitionFinished: setWindowCrop: Rect(-1, -81 - 2279, 1538), setCornerRadius for task id = 360
04-17 16:26:09.240  3502  3733 I SurfaceControl: setWindowCrop sc Surface(name=Task=360)/@0xdc27242 crop Rect(-1, -81 - 2279, 1538) callers com.android.wm.shell.hnfreeform.HnFreeformController.onTransitionFinished:356 com.android.wm.shell.freeform.FreeformTaskTransitionObserver.lambda$onHnFreeformTransitionFinished$18:1 com.android.wm.shell.freeform.FreeformTaskTransitionObserver.$r8$lambda$baLsxvI1tPmnoIl5aG8rz_myqzo:1 com.android.wm.shell.freeform.FreeformTaskTransitionObserver$$ExternalSyntheticLambda16.accept:9 
04-17 16:26:09.241  3502  3733 I HnRunningFreeformTaskInfo: getRunningTransition: mRunningTaskInfo360null
04-17 16:26:09.241  3502  3733 I HnFreeformController: ensureTaskVisibility taskId:360
04-17 16:26:09.241  3502  3733 I MixedWindowDecorViewModel: ensureTaskVisibility, isHnDesktopMode=true,taskId=360,updateAsync=false,force=false
04-17 16:26:09.241  3502  3733 I HnFreeformController: freeform_tag, removeRecentsTransition: android.os.BinderProxy@15b4190
04-17 16:26:09.242  3502  3733 I HnFreeformController: freeform_tag, setRecentsTransitionToHome transition: android.os.BinderProxy@15b4190, toHome: false
04-17 16:26:09.242  3502  3733 I HnDesktopTasksTransitionObserver: DesktopModeLogger: onTransitionFinished, setHnDeskTopActiveTaskToFull(-1)
04-17 16:26:09.242  3502  3733 D HnFreeformController: mNoticedTaskInfos = []
04-17 16:26:09.242  3502  3733 D HnFreeformController: overlapTaskInfos = []
04-17 16:26:09.242  3502  3502 I HnDesktopModeGuidanceHelper: info:{id=64 t=FIRST_CUSTOM+1011 f=0x0 trk=0 includeEmbeddedWindow=false isKeyGuardLocked=false r=[] c=[]}
04-17 16:26:09.242  3502  3502 I HnDesktopModeGuidanceHelper: TASKBAR:true
04-17 16:26:09.242  3502  3502 I HnDesktopModeGuidanceHelper: User has used desktopMode
04-17 16:26:09.242  3502  3733 V WindowManagerShell: Transition animation finished (aborted=true), notifying core (#64) android.os.BinderProxy@15b4190@0
04-17 16:26:09.243  3502  3733 I ShellTransitions: onFinish, SwipeToHome = false, BackRemote = false, LaunchRemote = false
04-17 16:26:09.243  2720  5856 I TransitionController: finishTransition TransitionRecord{ca663f id=64 type=FIRST_CUSTOM+1011 flags=0x0 c=[
04-17 16:26:09.243  2720  5856 I TransitionController:    ChangeInfo{a3fec55 container=ActivityRecord{198766489 u0 com.udake.app/.MainActivity t-1} flags=0x0}
04-17 16:26:09.243  2720  5856 I TransitionController: ]
04-17 16:26:09.243  2720  5856 I TransitionController: }
04-17 16:26:09.244  2720  5856 D HnMultiWindowAnimation: getDoingHnAnimType: 0
04-17 16:26:09.244  2720  2789 V WindowManager: Finish Transition (#64): created at 04-17 16:26:09.185 collect-started=0.291ms request-sent=4.674ms started=46.63ms ready=46.511ms sent=48.214ms commit=5.93ms finished=58.695ms
04-17 16:26:09.244  3502  3733 I WindowManagerShell: Track 0 became idle
04-17 16:26:09.244  3502  3733 I WindowManagerShell: All active transition animations finished
04-17 16:26:09.250  1960  1960 I VariableRefreshRateHandler: setCurrentSignals: scored layer size: 1
04-17 16:26:09.250  1960  1960 I VariableRefreshRateHandler: setCurrentSignals: layerName Wallpaper BBQ wrapper#203, type ExplicitExactOrMultiple, desiredRefreshRate 60.00
04-17 16:26:09.250  1960  2101 D RenderEngine: [Task=360#733] set isRequiresLinearEffect false when dimming ratio equals 1.
04-17 16:26:09.250  1960  2101 D RenderEngine: [com.udake.app/com.udake.app.MainActivity#746] set isRequiresLinearEffect false when dimming ratio equals 1.
04-17 16:26:09.251  1960  2101 D RenderEngine: [Dim Layer for - Task=360#761] set isRequiresLinearEffect false when dimming ratio equals 1.
04-17 16:26:09.251  1960  2101 D RenderEngine: [com.udake.app/com.udake.app.MainActivity#759] set isRequiresLinearEffect false when dimming ratio equals 1.
04-17 16:26:09.251  1960  2101 D RenderEngine: [DesktopMode of Task=360#742] set isRequiresLinearEffect false when dimming ratio equals 1.
04-17 16:26:09.252  2720  5856 E InputDispatcher: Embedded{TaskInputSink of Surface(name=DesktopMode Decor container of Task=360)/@0xc2f0445} has feature NO_INPUT_WINDOW, but a non-null token. Clearing
04-17 16:26:09.272  1960  2101 D RenderEngine: [Task=360#733] set isRequiresLinearEffect false when dimming ratio equals 1.
04-17 16:26:09.272  1960  2101 D RenderEngine: [com.udake.app/com.udake.app.MainActivity#746] set isRequiresLinearEffect false when dimming ratio equals 1.
04-17 16:26:09.273  1960  2101 D RenderEngine: [Dim Layer for - Task=360#761] set isRequiresLinearEffect false when dimming ratio equals 1.
04-17 16:26:09.273  1960  2101 D RenderEngine: [com.udake.app/com.udake.app.MainActivity#759] set isRequiresLinearEffect false when dimming ratio equals 1.
04-17 16:26:09.273  1960  2101 D RenderEngine: [DesktopMode of Task=360#742] set isRequiresLinearEffect false when dimming ratio equals 1.
04-17 16:26:09.285  1960  2101 D RenderEngine: [Task=360#733] set isRequiresLinearEffect false when dimming ratio equals 1.
04-17 16:26:09.285  1960  2101 D RenderEngine: [com.udake.app/com.udake.app.MainActivity#746] set isRequiresLinearEffect false when dimming ratio equals 1.
04-17 16:26:09.285  1960  2101 D RenderEngine: [Dim Layer for - Task=360#761] set isRequiresLinearEffect false when dimming ratio equals 1.
04-17 16:26:09.285  1960  2101 D RenderEngine: [com.udake.app/com.udake.app.MainActivity#759] set isRequiresLinearEffect false when dimming ratio equals 1.
04-17 16:26:09.285  1960  2101 D RenderEngine: [DesktopMode of Task=360#742] set isRequiresLinearEffect false when dimming ratio equals 1.
04-17 16:26:09.308  1960  2101 D RenderEngine: [Task=360#733] set isRequiresLinearEffect false when dimming ratio equals 1.
04-17 16:26:09.308  1960  2101 D RenderEngine: [com.udake.app/com.udake.app.MainActivity#746] set isRequiresLinearEffect false when dimming ratio equals 1.
04-17 16:26:09.308  1960  2101 D RenderEngine: [Dim Layer for - Task=360#761] set isRequiresLinearEffect false when dimming ratio equals 1.
04-17 16:26:09.308  1960  2101 D RenderEngine: [com.udake.app/com.udake.app.MainActivity#759] set isRequiresLinearEffect false when dimming ratio equals 1.
04-17 16:26:09.308  1960  2101 D RenderEngine: [DesktopMode of Task=360#742] set isRequiresLinearEffect false when dimming ratio equals 1.
04-17 16:26:09.319  1960  2101 D RenderEngine: [Task=360#733] set isRequiresLinearEffect false when dimming ratio equals 1.
04-17 16:26:09.319  1960  2101 D RenderEngine: [com.udake.app/com.udake.app.MainActivity#746] set isRequiresLinearEffect false when dimming ratio equals 1.
04-17 16:26:09.319  1960  2101 D RenderEngine: [Dim Layer for - Task=360#761] set isRequiresLinearEffect false when dimming ratio equals 1.
04-17 16:26:09.319  1960  2101 D RenderEngine: [com.udake.app/com.udake.app.MainActivity#759] set isRequiresLinearEffect false when dimming ratio equals 1.
04-17 16:26:09.319  1960  2101 D RenderEngine: [DesktopMode of Task=360#742] set isRequiresLinearEffect false when dimming ratio equals 1.
04-17 16:26:09.326  1816  3404 I sensors-hal: handle_sns_std_sensor_event:140, ambient_light_event: ts=24826925551168, lux = 48, cct=30864, aod=17640
04-17 16:26:09.341  1960  2101 D RenderEngine: [Task=360#733] set isRequiresLinearEffect false when dimming ratio equals 1.
04-17 16:26:09.341  1960  2101 D RenderEngine: [com.udake.app/com.udake.app.MainActivity#746] set isRequiresLinearEffect false when dimming ratio equals 1.
04-17 16:26:09.341  1960  2101 D RenderEngine: [Dim Layer for - Task=360#761] set isRequiresLinearEffect false when dimming ratio equals 1.
04-17 16:26:09.341  1960  2101 D RenderEngine: [com.udake.app/com.udake.app.MainActivity#759] set isRequiresLinearEffect false when dimming ratio equals 1.
04-17 16:26:09.342  1960  2101 D RenderEngine: [DesktopMode of Task=360#742] set isRequiresLinearEffect false when dimming ratio equals 1.
04-17 16:26:09.352  1960  2101 D RenderEngine: [Task=360#733] set isRequiresLinearEffect false when dimming ratio equals 1.
04-17 16:26:09.352  1960  2101 D RenderEngine: [com.udake.app/com.udake.app.MainActivity#746] set isRequiresLinearEffect false when dimming ratio equals 1.
04-17 16:26:09.352  1960  2101 D RenderEngine: [Dim Layer for - Task=360#761] set isRequiresLinearEffect false when dimming ratio equals 1.
04-17 16:26:09.352  1960  2101 D RenderEngine: [com.udake.app/com.udake.app.MainActivity#759] set isRequiresLinearEffect false when dimming ratio equals 1.
04-17 16:26:09.353  1960  2101 D RenderEngine: [DesktopMode of Task=360#742] set isRequiresLinearEffect false when dimming ratio equals 1.
04-17 16:26:09.374  1960  2101 D RenderEngine: [Task=360#733] set isRequiresLinearEffect false when dimming ratio equals 1.
04-17 16:26:09.374  1960  2101 D RenderEngine: [com.udake.app/com.udake.app.MainActivity#746] set isRequiresLinearEffect false when dimming ratio equals 1.
04-17 16:26:09.375  1960  2101 D RenderEngine: [Dim Layer for - Task=360#761] set isRequiresLinearEffect false when dimming ratio equals 1.
04-17 16:26:09.375  1960  2101 D RenderEngine: [com.udake.app/com.udake.app.MainActivity#759] set isRequiresLinearEffect false when dimming ratio equals 1.
04-17 16:26:09.375  1960  2101 D RenderEngine: [DesktopMode of Task=360#742] set isRequiresLinearEffect false when dimming ratio equals 1.
04-17 16:26:09.385  1960  2101 D RenderEngine: [Task=360#733] set isRequiresLinearEffect false when dimming ratio equals 1.
04-17 16:26:09.385  1960  2101 D RenderEngine: [com.udake.app/com.udake.app.MainActivity#746] set isRequiresLinearEffect false when dimming ratio equals 1.
04-17 16:26:09.385  1960  2101 D RenderEngine: [Dim Layer for - Task=360#761] set isRequiresLinearEffect false when dimming ratio equals 1.
04-17 16:26:09.386  1960  2101 D RenderEngine: [com.udake.app/com.udake.app.MainActivity#759] set isRequiresLinearEffect false when dimming ratio equals 1.
04-17 16:26:09.386  1960  2101 D RenderEngine: [DesktopMode of Task=360#742] set isRequiresLinearEffect false when dimming ratio equals 1.
04-17 16:26:09.408  1960  2101 D RenderEngine: [Task=360#733] set isRequiresLinearEffect false when dimming ratio equals 1.
04-17 16:26:09.408  1960  2101 D RenderEngine: [com.udake.app/com.udake.app.MainActivity#746] set isRequiresLinearEffect false when dimming ratio equals 1.
04-17 16:26:09.408  1960  2101 D RenderEngine: [Dim Layer for - Task=360#761] set isRequiresLinearEffect false when dimming ratio equals 1.
04-17 16:26:09.408  1960  2101 D RenderEngine: [com.udake.app/com.udake.app.MainActivity#759] set isRequiresLinearEffect false when dimming ratio equals 1.
04-17 16:26:09.408  1960  2101 D RenderEngine: [DesktopMode of Task=360#742] set isRequiresLinearEffect false when dimming ratio equals 1.
04-17 16:26:09.411  3683  4019 D CpuGovernor: handleAction: action id=537 time=1776414369410 Flag=3 name=frame_status pkg=com.udake.app#1004098
04-17 16:26:09.411  3683  4019 D BoostCtrlManager: receive FAS check res, type: 1 ,pkg: com.udake.app ,cmdId: 4098, fg pkg: com.udake.app
04-17 16:26:09.418  1960  2101 D RenderEngine: [Task=360#733] set isRequiresLinearEffect false when dimming ratio equals 1.
04-17 16:26:09.419  1960  2101 D RenderEngine: [com.udake.app/com.udake.app.MainActivity#746] set isRequiresLinearEffect false when dimming ratio equals 1.
04-17 16:26:09.419  1960  2101 D RenderEngine: [Dim Layer for - Task=360#761] set isRequiresLinearEffect false when dimming ratio equals 1.
04-17 16:26:09.419  1960  2101 D RenderEngine: [com.udake.app/com.udake.app.MainActivity#759] set isRequiresLinearEffect false when dimming ratio equals 1.
04-17 16:26:09.419  1960  2101 D RenderEngine: [DesktopMode of Task=360#742] set isRequiresLinearEffect false when dimming ratio equals 1.
04-17 16:26:09.441  1960  2101 D RenderEngine: [Task=360#733] set isRequiresLinearEffect false when dimming ratio equals 1.
04-17 16:26:09.441  1960  2101 D RenderEngine: [com.udake.app/com.udake.app.MainActivity#746] set isRequiresLinearEffect false when dimming ratio equals 1.
04-17 16:26:09.442  1960  2101 D RenderEngine: [Dim Layer for - Task=360#761] set isRequiresLinearEffect false when dimming ratio equals 1.
04-17 16:26:09.442  1960  2101 D RenderEngine: [com.udake.app/com.udake.app.MainActivity#759] set isRequiresLinearEffect false when dimming ratio equals 1.
04-17 16:26:09.442  1960  2101 D RenderEngine: [DesktopMode of Task=360#742] set isRequiresLinearEffect false when dimming ratio equals 1.
04-17 16:26:09.452  1960  2101 D RenderEngine: [Task=360#733] set isRequiresLinearEffect false when dimming ratio equals 1.
04-17 16:26:09.452  1960  2101 D RenderEngine: [com.udake.app/com.udake.app.MainActivity#746] set isRequiresLinearEffect false when dimming ratio equals 1.
04-17 16:26:09.452  1960  2101 D RenderEngine: [Dim Layer for - Task=360#761] set isRequiresLinearEffect false when dimming ratio equals 1.
04-17 16:26:09.452  1960  2101 D RenderEngine: [com.udake.app/com.udake.app.MainActivity#759] set isRequiresLinearEffect false when dimming ratio equals 1.
04-17 16:26:09.452  1960  2101 D RenderEngine: [DesktopMode of Task=360#742] set isRequiresLinearEffect false when dimming ratio equals 1.
04-17 16:26:09.474  1960  2101 D RenderEngine: [Task=360#733] set isRequiresLinearEffect false when dimming ratio equals 1.
04-17 16:26:09.475  1960  2101 D RenderEngine: [com.udake.app/com.udake.app.MainActivity#746] set isRequiresLinearEffect false when dimming ratio equals 1.
04-17 16:26:09.475  1960  2101 D RenderEngine: [Dim Layer for - Task=360#761] set isRequiresLinearEffect false when dimming ratio equals 1.
04-17 16:26:09.475  1960  2101 D RenderEngine: [com.udake.app/com.udake.app.MainActivity#759] set isRequiresLinearEffect false when dimming ratio equals 1.
04-17 16:26:09.475  1960  2101 D RenderEngine: [DesktopMode of Task=360#742] set isRequiresLinearEffect false when dimming ratio equals 1.
04-17 16:26:09.480  2720  2795 I AppEyeFwkBlock: do monitor
04-17 16:26:09.485  1960  2101 D RenderEngine: [Task=360#733] set isRequiresLinearEffect false when dimming ratio equals 1.
04-17 16:26:09.485  1960  2101 D RenderEngine: [com.udake.app/com.udake.app.MainActivity#746] set isRequiresLinearEffect false when dimming ratio equals 1.
04-17 16:26:09.485  1960  2101 D RenderEngine: [Dim Layer for - Task=360#761] set isRequiresLinearEffect false when dimming ratio equals 1.
04-17 16:26:09.485  1960  2101 D RenderEngine: [com.udake.app/com.udake.app.MainActivity#759] set isRequiresLinearEffect false when dimming ratio equals 1.
04-17 16:26:09.486  1960  2101 D RenderEngine: [DesktopMode of Task=360#742] set isRequiresLinearEffect false when dimming ratio equals 1.
04-17 16:26:09.490  1816  3404 I sensors-hal: handle_sns_std_sensor_event:140, ambient_light_event: ts=24827091544137, lux = 48, cct=30864, aod=17640
04-17 16:26:09.508  1960  2101 D RenderEngine: [Task=360#733] set isRequiresLinearEffect false when dimming ratio equals 1.
04-17 16:26:09.508  1960  2101 D RenderEngine: [com.udake.app/com.udake.app.MainActivity#746] set isRequiresLinearEffect false when dimming ratio equals 1.
04-17 16:26:09.508  1960  2101 D RenderEngine: [Dim Layer for - Task=360#761] set isRequiresLinearEffect false when dimming ratio equals 1.
04-17 16:26:09.508  1960  2101 D RenderEngine: [com.udake.app/com.udake.app.MainActivity#759] set isRequiresLinearEffect false when dimming ratio equals 1.
04-17 16:26:09.508  1960  2101 D RenderEngine: [DesktopMode of Task=360#742] set isRequiresLinearEffect false when dimming ratio equals 1.
04-17 16:26:09.518  1960  2101 D RenderEngine: [Task=360#733] set isRequiresLinearEffect false when dimming ratio equals 1.
04-17 16:26:09.518  1960  2101 D RenderEngine: [com.udake.app/com.udake.app.MainActivity#746] set isRequiresLinearEffect false when dimming ratio equals 1.
04-17 16:26:09.519  1960  2101 D RenderEngine: [Dim Layer for - Task=360#761] set isRequiresLinearEffect false when dimming ratio equals 1.
04-17 16:26:09.519  1960  2101 D RenderEngine: [com.udake.app/com.udake.app.MainActivity#759] set isRequiresLinearEffect false when dimming ratio equals 1.
04-17 16:26:09.519  1960  2101 D RenderEngine: [DesktopMode of Task=360#742] set isRequiresLinearEffect false when dimming ratio equals 1.
04-17 16:26:09.522  1806  4976 I vendor.qti.bluetooth@1.1-ibs_handler: DeviceSleep: TX Awake, Sending SLEEP_IND
04-17 16:26:09.522  1806  4976 D vendor.qti.bluetooth@1.1-ibs_handler: SerialClockVote: vote for UART CLK OFF
04-17 16:26:09.541  1960  2101 D RenderEngine: [Task=360#733] set isRequiresLinearEffect false when dimming ratio equals 1.
04-17 16:26:09.541  1960  2101 D RenderEngine: [com.udake.app/com.udake.app.MainActivity#746] set isRequiresLinearEffect false when dimming ratio equals 1.
04-17 16:26:09.541  1960  2101 D RenderEngine: [Dim Layer for - Task=360#761] set isRequiresLinearEffect false when dimming ratio equals 1.
04-17 16:26:09.541  1960  2101 D RenderEngine: [com.udake.app/com.udake.app.MainActivity#759] set isRequiresLinearEffect false when dimming ratio equals 1.
04-17 16:26:09.542  1960  2101 D RenderEngine: [DesktopMode of Task=360#742] set isRequiresLinearEffect false when dimming ratio equals 1.
04-17 16:26:09.543  1960  2102 I BackgroundExecutor: [FrameScheduler] set thread[2101]'s frequency to [13 668]
04-17 16:26:09.545  4269 11562 I nStackXDMultiPath: PrintNetIfconfigCounts:[317] :[DEV[2]: rx[221782 0 0] tx[126019 0 0] sndStat 1_4167748 recvQOF[0,0,0]]
04-17 16:26:09.552  1960  2101 D RenderEngine: [Task=360#733] set isRequiresLinearEffect false when dimming ratio equals 1.
04-17 16:26:09.552  1960  2101 D RenderEngine: [com.udake.app/com.udake.app.MainActivity#746] set isRequiresLinearEffect false when dimming ratio equals 1.
04-17 16:26:09.552  1960  2101 D RenderEngine: [Dim Layer for - Task=360#761] set isRequiresLinearEffect false when dimming ratio equals 1.
04-17 16:26:09.552  1960  2101 D RenderEngine: [com.udake.app/com.udake.app.MainActivity#759] set isRequiresLinearEffect false when dimming ratio equals 1.
04-17 16:26:09.552  1960  2101 D RenderEngine: [DesktopMode of Task=360#742] set isRequiresLinearEffect false when dimming ratio equals 1.
04-17 16:26:09.553  1960  2102 I BackgroundExecutor: [FrameScheduler] set thread[2101]'s frequency to [6 414]
04-17 16:26:09.574  1960  2101 D RenderEngine: [Task=360#733] set isRequiresLinearEffect false when dimming ratio equals 1.
04-17 16:26:09.574  1960  2101 D RenderEngine: [com.udake.app/com.udake.app.MainActivity#746] set isRequiresLinearEffect false when dimming ratio equals 1.
04-17 16:26:09.575  1960  2101 D RenderEngine: [Dim Layer for - Task=360#761] set isRequiresLinearEffect false when dimming ratio equals 1.
04-17 16:26:09.575  1960  2101 D RenderEngine: [com.udake.app/com.udake.app.MainActivity#759] set isRequiresLinearEffect false when dimming ratio equals 1.
04-17 16:26:09.575  1960  2101 D RenderEngine: [DesktopMode of Task=360#742] set isRequiresLinearEffect false when dimming ratio equals 1.
04-17 16:26:09.576  1960  2102 I BackgroundExecutor: [FrameScheduler] set thread[2101]'s frequency to [3 303]
04-17 16:26:09.582  3502 10247 D HnDesktopModeHighLoadPresenter: getCpuLoadInfo: mTaskNum <= NUM_TASK_THRESHOLD
04-17 16:26:09.582  3502 10247 D HnDesktopModeHighLoadPresenter: has set same level
04-17 16:26:09.585  1960  2101 D RenderEngine: [Task=360#733] set isRequiresLinearEffect false when dimming ratio equals 1.
04-17 16:26:09.585  1960  2101 D RenderEngine: [com.udake.app/com.udake.app.MainActivity#746] set isRequiresLinearEffect false when dimming ratio equals 1.
04-17 16:26:09.585  1960  2101 D RenderEngine: [Dim Layer for - Task=360#761] set isRequiresLinearEffect false when dimming ratio equals 1.
04-17 16:26:09.585  1960  2101 D RenderEngine: [com.udake.app/com.udake.app.MainActivity#759] set isRequiresLinearEffect false when dimming ratio equals 1.
04-17 16:26:09.585  1960  2101 D RenderEngine: [DesktopMode of Task=360#742] set isRequiresLinearEffect false when dimming ratio equals 1.
04-17 16:26:09.586  1960  2102 I BackgroundExecutor: [FrameScheduler] set thread[2101]'s frequency to [1 204]
04-17 16:26:09.608  1960  2101 D RenderEngine: [Task=360#733] set isRequiresLinearEffect false when dimming ratio equals 1.
04-17 16:26:09.609  1960  2101 D RenderEngine: [com.udake.app/com.udake.app.MainActivity#746] set isRequiresLinearEffect false when dimming ratio equals 1.
04-17 16:26:09.609  1960  2101 D RenderEngine: [Dim Layer for - Task=360#761] set isRequiresLinearEffect false when dimming ratio equals 1.
04-17 16:26:09.609  1960  2101 D RenderEngine: [com.udake.app/com.udake.app.MainActivity#759] set isRequiresLinearEffect false when dimming ratio equals 1.
04-17 16:26:09.609  1924  1924 I SDM     : HWCDisplayBuiltIn::NeedsLargeCompPerfHint: Found skip_layer:1 or is_multidisplay:0. Set perf hint for large comp cycle
04-17 16:26:09.609  1960  2101 D RenderEngine: [DesktopMode of Task=360#742] set isRequiresLinearEffect false when dimming ratio equals 1.
04-17 16:26:09.610  1960  2102 I BackgroundExecutor: [FrameScheduler] set thread[2101]'s frequency to [0 0]
04-17 16:26:09.623  2720  3346 E TcpInfoMonitor: obtain valid average rtt failed.
04-17 16:26:09.623  2720  3346 I TcpInfoMonitor: Tcp result: average rtt = 0, rtt pkt = 0, tcp_rx = 0, tcp_tx = 0, tcp_retran = 0, tcp_rtRate = 0.00%.
04-17 16:26:09.624  2720  3346 D SelfCureDnsMonitor: NewInfo: tcpTxPkts: 97938, tcpRxPkts: 108062, dnsTxPkts: 0, dnsRxPkts: 0, LastInfo: lastTcpTxPkts: 97938, lastTcpRxPkts: 108062, lastDnsTxPkts: 0, lastDnsRxPkts: 0
04-17 16:26:09.624  2720  3346 D SelfCureDnsMonitor: handleNetworkResultUpdate: Dns Tx Total increase is less
04-17 16:26:09.624  2720  3346 I SelfCureIpv6Monitor: not satisfied v4 with tx && rx && retrans-ratio and faultResult, do not execute ipv6Selfcure
04-17 16:26:09.624  2720  3346 I UxDisplayManager: computeQosLevel, rtt is 0 and speed is 0
04-17 16:26:09.624  2720  3346 I UxDisplayManager: reviseQosLevelByRssi, no tcpinfo return mLastEvaluateQosLevel: 3
04-17 16:26:09.630  1960  2101 D RenderEngine: [Task=360#733] set isRequiresLinearEffect false when dimming ratio equals 1.
04-17 16:26:09.630  1960  2101 D RenderEngine: [com.udake.app/com.udake.app.MainActivity#746] set isRequiresLinearEffect false when dimming ratio equals 1.
04-17 16:26:09.631  1960  2101 D RenderEngine: [Dim Layer for - Task=360#761] set isRequiresLinearEffect false when dimming ratio equals 1.
04-17 16:26:09.631  1960  2101 D RenderEngine: [com.udake.app/com.udake.app.MainActivity#759] set isRequiresLinearEffect false when dimming ratio equals 1.
04-17 16:26:09.631  1960  2101 D RenderEngine: [DesktopMode of Task=360#742] set isRequiresLinearEffect false when dimming ratio equals 1.
04-17 16:26:09.641  1960  2101 D RenderEngine: [Task=360#733] set isRequiresLinearEffect false when dimming ratio equals 1.
04-17 16:26:09.641  1960  2101 D RenderEngine: [com.udake.app/com.udake.app.MainActivity#746] set isRequiresLinearEffect false when dimming ratio equals 1.
04-17 16:26:09.641  1960  2101 D RenderEngine: [Dim Layer for - Task=360#761] set isRequiresLinearEffect false when dimming ratio equals 1.
04-17 16:26:09.641  1960  2101 D RenderEngine: [com.udake.app/com.udake.app.MainActivity#759] set isRequiresLinearEffect false when dimming ratio equals 1.
04-17 16:26:09.642  1960  2101 D RenderEngine: [DesktopMode of Task=360#742] set isRequiresLinearEffect false when dimming ratio equals 1.
04-17 16:26:09.658  1816  3404 I sensors-hal: handle_sns_std_sensor_event:140, ambient_light_event: ts=24827257646585, lux = 48, cct=30992, aod=17696
04-17 16:26:09.664  1960  2101 D RenderEngine: [Task=360#733] set isRequiresLinearEffect false when dimming ratio equals 1.
04-17 16:26:09.664  1960  2101 D RenderEngine: [com.udake.app/com.udake.app.MainActivity#746] set isRequiresLinearEffect false when dimming ratio equals 1.
04-17 16:26:09.664  1960  2101 D RenderEngine: [Dim Layer for - Task=360#761] set isRequiresLinearEffect false when dimming ratio equals 1.
04-17 16:26:09.664  1960  2101 D RenderEngine: [com.udake.app/com.udake.app.MainActivity#759] set isRequiresLinearEffect false when dimming ratio equals 1.
04-17 16:26:09.664  1960  2101 D RenderEngine: [DesktopMode of Task=360#742] set isRequiresLinearEffect false when dimming ratio equals 1.
04-17 16:26:09.672  1806  4885 D vendor.qti.bluetooth@1.1-wake_lock: Release wakelock is released 
04-17 16:26:09.674  1960  2101 D RenderEngine: [Task=360#733] set isRequiresLinearEffect false when dimming ratio equals 1.
04-17 16:26:09.674  1960  2101 D RenderEngine: [com.udake.app/com.udake.app.MainActivity#746] set isRequiresLinearEffect false when dimming ratio equals 1.
04-17 16:26:09.674  1960  2101 D RenderEngine: [Dim Layer for - Task=360#761] set isRequiresLinearEffect false when dimming ratio equals 1.
04-17 16:26:09.675  1960  2101 D RenderEngine: [com.udake.app/com.udake.app.MainActivity#759] set isRequiresLinearEffect false when dimming ratio equals 1.
04-17 16:26:09.675  1960  2101 D RenderEngine: [DesktopMode of Task=360#742] set isRequiresLinearEffect false when dimming ratio equals 1.
04-17 16:26:09.683  1866  1984 D vendor.honor.hardware.aoservice-service: [AO_SVC] (reopen_timer_handler:52):enter reopen handler
04-17 16:26:09.688  4269  4848 I DurboThread: PrintHeartBeat:[114] :magiclink runState 1 tState 1 devNum 1 serverNum 17 sessionNum 2
04-17 16:26:09.690  2720  9708 D HnDesktopTaskManagerEx: executeRemoveStrategy by msg=2
04-17 16:26:09.690  2720  9708 D HnDesktopTaskManagerEx: executeRemoveStrategy: ExecuteInfo{packageName=com.udake.app, uid=10257, pid=20771, mLayerRank=1, mNonOccludedFreeformAreaRatio=100, limitFps=-1, reClaim=false, isRemovePackage=false, appType=-1}
04-17 16:26:09.690  2720  9708 D HnDesktopTaskManagerEx: moveTaskToBack: memAvailable=1574236, mem theshold=1228800
04-17 16:26:09.691  2720  9708 D HnDesktopTaskManagerEx: manageWindowMemAndFps: ExecuteInfos{packageName=com.udake.app, infos=1, limitFps=-1, reClaim=false}
04-17 16:26:09.691  2720  9708 D HnDesktopTaskManagerEx: notifyAgpLimitFps: size=1, game=0, cost time = 1
04-17 16:26:09.691  2720  9708 D HnDesktopTaskManagerEx: executeRemoveStrategy: cost time = 2
04-17 16:26:09.697  1960  2101 D RenderEngine: [Task=360#733] set isRequiresLinearEffect false when dimming ratio equals 1.
04-17 16:26:09.697  1960  2101 D RenderEngine: [com.udake.app/com.udake.app.MainActivity#746] set isRequiresLinearEffect false when dimming ratio equals 1.
04-17 16:26:09.698  1960  2101 D RenderEngine: [Dim Layer for - Task=360#761] set isRequiresLinearEffect false when dimming ratio equals 1.
04-17 16:26:09.698  1960  2101 D RenderEngine: [com.udake.app/com.udake.app.MainActivity#759] set isRequiresLinearEffect false when dimming ratio equals 1.
04-17 16:26:09.698  1960  2101 D RenderEngine: [DesktopMode of Task=360#742] set isRequiresLinearEffect false when dimming ratio equals 1.
04-17 16:26:09.708  1960  2101 D RenderEngine: [Task=360#733] set isRequiresLinearEffect false when dimming ratio equals 1.
04-17 16:26:09.708  1960  2101 D RenderEngine: [com.udake.app/com.udake.app.MainActivity#746] set isRequiresLinearEffect false when dimming ratio equals 1.
04-17 16:26:09.708  1960  2101 D RenderEngine: [Dim Layer for - Task=360#761] set isRequiresLinearEffect false when dimming ratio equals 1.
04-17 16:26:09.708  1960  2101 D RenderEngine: [com.udake.app/com.udake.app.MainActivity#759] set isRequiresLinearEffect false when dimming ratio equals 1.
04-17 16:26:09.708  1960  2101 D RenderEngine: [DesktopMode of Task=360#742] set isRequiresLinearEffect false when dimming ratio equals 1.
04-17 16:26:09.712  2315  3144 D BufferPoolAccessor2.0: bufferpool2 0xb4000071e750dbb8 : 8(56623104 size) total buffers - 5(35389440 size) used buffers - 219647/219669 (recycle/alloc) - 410/219548 (fetch/transfer)
04-17 16:26:09.731  1960  2101 D RenderEngine: [Task=360#733] set isRequiresLinearEffect false when dimming ratio equals 1.
04-17 16:26:09.731  1960  2101 D RenderEngine: [com.udake.app/com.udake.app.MainActivity#746] set isRequiresLinearEffect false when dimming ratio equals 1.
04-17 16:26:09.731  1960  2101 D RenderEngine: [Dim Layer for - Task=360#761] set isRequiresLinearEffect false when dimming ratio equals 1.
04-17 16:26:09.731  1960  2101 D RenderEngine: [com.udake.app/com.udake.app.MainActivity#759] set isRequiresLinearEffect false when dimming ratio equals 1.
04-17 16:26:09.732  1960  2101 D RenderEngine: [DesktopMode of Task=360#742] set isRequiresLinearEffect false when dimming ratio equals 1.
04-17 16:26:09.733  1960  2102 I BackgroundExecutor: [FrameScheduler] set thread[2101]'s frequency to [13 668]
04-17 16:26:09.741  1960  2101 D RenderEngine: [Task=360#733] set isRequiresLinearEffect false when dimming ratio equals 1.
04-17 16:26:09.741  1960  2101 D RenderEngine: [com.udake.app/com.udake.app.MainActivity#746] set isRequiresLinearEffect false when dimming ratio equals 1.
04-17 16:26:09.742  1960  2101 D RenderEngine: [Dim Layer for - Task=360#761] set isRequiresLinearEffect false when dimming ratio equals 1.
04-17 16:26:09.742  1960  2101 D RenderEngine: [com.udake.app/com.udake.app.MainActivity#759] set isRequiresLinearEffect false when dimming ratio equals 1.
04-17 16:26:09.742  1960  2101 D RenderEngine: [DesktopMode of Task=360#742] set isRequiresLinearEffect false when dimming ratio equals 1.
04-17 16:26:09.742  1960  2102 I BackgroundExecutor: [FrameScheduler] set thread[2101]'s frequency to [6 414]
04-17 16:26:09.764  1960  2101 D RenderEngine: [Task=360#733] set isRequiresLinearEffect false when dimming ratio equals 1.
04-17 16:26:09.764  1960  2101 D RenderEngine: [com.udake.app/com.udake.app.MainActivity#746] set isRequiresLinearEffect false when dimming ratio equals 1.
04-17 16:26:09.764  1960  2101 D RenderEngine: [Dim Layer for - Task=360#761] set isRequiresLinearEffect false when dimming ratio equals 1.
04-17 16:26:09.764  1960  2101 D RenderEngine: [com.udake.app/com.udake.app.MainActivity#759] set isRequiresLinearEffect false when dimming ratio equals 1.
04-17 16:26:09.764  1960  2101 D RenderEngine: [DesktopMode of Task=360#742] set isRequiresLinearEffect false when dimming ratio equals 1.
04-17 16:26:09.766  1960  2102 I BackgroundExecutor: [FrameScheduler] set thread[2101]'s frequency to [3 303]
04-17 16:26:09.774  1960  2101 D RenderEngine: [Task=360#733] set isRequiresLinearEffect false when dimming ratio equals 1.
04-17 16:26:09.774  1960  2101 D RenderEngine: [com.udake.app/com.udake.app.MainActivity#746] set isRequiresLinearEffect false when dimming ratio equals 1.
04-17 16:26:09.774  1960  2101 D RenderEngine: [Dim Layer for - Task=360#761] set isRequiresLinearEffect false when dimming ratio equals 1.
04-17 16:26:09.775  1960  2101 D RenderEngine: [com.udake.app/com.udake.app.MainActivity#759] set isRequiresLinearEffect false when dimming ratio equals 1.
04-17 16:26:09.775  1960  2101 D RenderEngine: [DesktopMode of Task=360#742] set isRequiresLinearEffect false when dimming ratio equals 1.
04-17 16:26:09.775  1960  2102 I BackgroundExecutor: [FrameScheduler] set thread[2101]'s frequency to [1 204]
04-17 16:26:09.798  1960  2101 D RenderEngine: [Task=360#733] set isRequiresLinearEffect false when dimming ratio equals 1.
04-17 16:26:09.798  1960  2101 D RenderEngine: [com.udake.app/com.udake.app.MainActivity#746] set isRequiresLinearEffect false when dimming ratio equals 1.
04-17 16:26:09.798  1960  2101 D RenderEngine: [Dim Layer for - Task=360#761] set isRequiresLinearEffect false when dimming ratio equals 1.
04-17 16:26:09.798  1960  2101 D RenderEngine: [com.udake.app/com.udake.app.MainActivity#759] set isRequiresLinearEffect false when dimming ratio equals 1.
04-17 16:26:09.798  1960  2101 D RenderEngine: [DesktopMode of Task=360#742] set isRequiresLinearEffect false when dimming ratio equals 1.
04-17 16:26:09.799  1960  2102 I BackgroundExecutor: [FrameScheduler] set thread[2101]'s frequency to [0 0]
04-17 16:26:09.808  1960  2101 D RenderEngine: [Task=360#733] set isRequiresLinearEffect false when dimming ratio equals 1.
04-17 16:26:09.808  1960  2101 D RenderEngine: [com.udake.app/com.udake.app.MainActivity#746] set isRequiresLinearEffect false when dimming ratio equals 1.
04-17 16:26:09.808  1960  2101 D RenderEngine: [Dim Layer for - Task=360#761] set isRequiresLinearEffect false when dimming ratio equals 1.
04-17 16:26:09.808  1960  2101 D RenderEngine: [com.udake.app/com.udake.app.MainActivity#759] set isRequiresLinearEffect false when dimming ratio equals 1.
04-17 16:26:09.808  1960  2101 D RenderEngine: [DesktopMode of Task=360#742] set isRequiresLinearEffect false when dimming ratio equals 1.
04-17 16:26:09.822  1816  3404 I sensors-hal: handle_sns_std_sensor_event:140, ambient_light_event: ts=24827423548668, lux = 48, cct=30992, aod=17696
04-17 16:26:09.831  1960  2101 D RenderEngine: [Task=360#733] set isRequiresLinearEffect false when dimming ratio equals 1.
04-17 16:26:09.831  1960  2101 D RenderEngine: [com.udake.app/com.udake.app.MainActivity#746] set isRequiresLinearEffect false when dimming ratio equals 1.
04-17 16:26:09.831  1960  2101 D RenderEngine: [Dim Layer for - Task=360#761] set isRequiresLinearEffect false when dimming ratio equals 1.
04-17 16:26:09.831  1960  2101 D RenderEngine: [com.udake.app/com.udake.app.MainActivity#759] set isRequiresLinearEffect false when dimming ratio equals 1.
04-17 16:26:09.831  1960  2101 D RenderEngine: [DesktopMode of Task=360#742] set isRequiresLinearEffect false when dimming ratio equals 1.
04-17 16:26:09.836  3803  5282 E CHR_RilRadioRadarManager: RilRadioRadarManager is null
04-17 16:26:09.842  1960  2101 D RenderEngine: [Task=360#733] set isRequiresLinearEffect false when dimming ratio equals 1.
04-17 16:26:09.842  1960  2101 D RenderEngine: [com.udake.app/com.udake.app.MainActivity#746] set isRequiresLinearEffect false when dimming ratio equals 1.
04-17 16:26:09.842  1960  2101 D RenderEngine: [Dim Layer for - Task=360#761] set isRequiresLinearEffect false when dimming ratio equals 1.
04-17 16:26:09.842  1960  2101 D RenderEngine: [com.udake.app/com.udake.app.MainActivity#759] set isRequiresLinearEffect false when dimming ratio equals 1.
04-17 16:26:09.842  1960  2101 D RenderEngine: [DesktopMode of Task=360#742] set isRequiresLinearEffect false when dimming ratio equals 1.
04-17 16:26:09.863  1960  2101 D RenderEngine: [Task=360#733] set isRequiresLinearEffect false when dimming ratio equals 1.
04-17 16:26:09.864  1960  2101 D RenderEngine: [com.udake.app/com.udake.app.MainActivity#746] set isRequiresLinearEffect false when dimming ratio equals 1.
04-17 16:26:09.864  1960  2101 D RenderEngine: [Dim Layer for - Task=360#761] set isRequiresLinearEffect false when dimming ratio equals 1.
04-17 16:26:09.864  1960  2101 D RenderEngine: [com.udake.app/com.udake.app.MainActivity#759] set isRequiresLinearEffect false when dimming ratio equals 1.
