04-17 16:26:09.864  1960  2101 D RenderEngine: [DesktopMode of Task=360#742] set isRequiresLinearEffect false when dimming ratio equals 1.
04-17 16:26:09.874  1960  2101 D RenderEngine: [Task=360#733] set isRequiresLinearEffect false when dimming ratio equals 1.
04-17 16:26:09.874  1960  2101 D RenderEngine: [com.udake.app/com.udake.app.MainActivity#746] set isRequiresLinearEffect false when dimming ratio equals 1.
04-17 16:26:09.874  1960  2101 D RenderEngine: [Dim Layer for - Task=360#761] set isRequiresLinearEffect false when dimming ratio equals 1.
04-17 16:26:09.874  1960  2101 D RenderEngine: [com.udake.app/com.udake.app.MainActivity#759] set isRequiresLinearEffect false when dimming ratio equals 1.
04-17 16:26:09.874  1960  2101 D RenderEngine: [DesktopMode of Task=360#742] set isRequiresLinearEffect false when dimming ratio equals 1.
04-17 16:26:09.897  1960  2101 D RenderEngine: [Task=360#733] set isRequiresLinearEffect false when dimming ratio equals 1.
04-17 16:26:09.897  1960  2101 D RenderEngine: [com.udake.app/com.udake.app.MainActivity#746] set isRequiresLinearEffect false when dimming ratio equals 1.
04-17 16:26:09.897  1960  2101 D RenderEngine: [Dim Layer for - Task=360#761] set isRequiresLinearEffect false when dimming ratio equals 1.
04-17 16:26:09.898  1960  2101 D RenderEngine: [com.udake.app/com.udake.app.MainActivity#759] set isRequiresLinearEffect false when dimming ratio equals 1.
04-17 16:26:09.898  1960  2101 D RenderEngine: [DesktopMode of Task=360#742] set isRequiresLinearEffect false when dimming ratio equals 1.
04-17 16:26:09.908  1960  2101 D RenderEngine: [Task=360#733] set isRequiresLinearEffect false when dimming ratio equals 1.
04-17 16:26:09.908  1960  2101 D RenderEngine: [com.udake.app/com.udake.app.MainActivity#746] set isRequiresLinearEffect false when dimming ratio equals 1.
04-17 16:26:09.908  1960  2101 D RenderEngine: [Dim Layer for - Task=360#761] set isRequiresLinearEffect false when dimming ratio equals 1.
04-17 16:26:09.908  1960  2101 D RenderEngine: [com.udake.app/com.udake.app.MainActivity#759] set isRequiresLinearEffect false when dimming ratio equals 1.
04-17 16:26:09.908  1960  2101 D RenderEngine: [DesktopMode of Task=360#742] set isRequiresLinearEffect false when dimming ratio equals 1.
04-17 16:26:09.914  2315  8968 W TraceLog: onQueueInputBuffer(c2.qti.avc.decoder:0xb400007277507380) Queued: 59.9/s Done: 59.9/s Rendered: 59.9/s Discarded: 0.0/s
04-17 16:26:09.930  1960  2101 D RenderEngine: [Task=360#733] set isRequiresLinearEffect false when dimming ratio equals 1.
04-17 16:26:09.930  1960  2101 D RenderEngine: [com.udake.app/com.udake.app.MainActivity#746] set isRequiresLinearEffect false when dimming ratio equals 1.
04-17 16:26:09.930  1960  2101 D RenderEngine: [Dim Layer for - Task=360#761] set isRequiresLinearEffect false when dimming ratio equals 1.
04-17 16:26:09.930  1960  2101 D RenderEngine: [com.udake.app/com.udake.app.MainActivity#759] set isRequiresLinearEffect false when dimming ratio equals 1.
04-17 16:26:09.931  1960  2101 D RenderEngine: [DesktopMode of Task=360#742] set isRequiresLinearEffect false when dimming ratio equals 1.
04-17 16:26:09.941  1960  2101 D RenderEngine: [Task=360#733] set isRequiresLinearEffect false when dimming ratio equals 1.
04-17 16:26:09.941  1960  2101 D RenderEngine: [com.udake.app/com.udake.app.MainActivity#746] set isRequiresLinearEffect false when dimming ratio equals 1.
04-17 16:26:09.941  1960  2101 D RenderEngine: [Dim Layer for - Task=360#761] set isRequiresLinearEffect false when dimming ratio equals 1.
04-17 16:26:09.941  1960  2101 D RenderEngine: [com.udake.app/com.udake.app.MainActivity#759] set isRequiresLinearEffect false when dimming ratio equals 1.
04-17 16:26:09.941  1960  2101 D RenderEngine: [DesktopMode of Task=360#742] set isRequiresLinearEffect false when dimming ratio equals 1.
04-17 16:26:09.964  1960  2101 D RenderEngine: [Task=360#733] set isRequiresLinearEffect false when dimming ratio equals 1.
04-17 16:26:09.964  1960  2101 D RenderEngine: [com.udake.app/com.udake.app.MainActivity#746] set isRequiresLinearEffect false when dimming ratio equals 1.
04-17 16:26:09.964  1960  2101 D RenderEngine: [Dim Layer for - Task=360#761] set isRequiresLinearEffect false when dimming ratio equals 1.
04-17 16:26:09.964  1960  2101 D RenderEngine: [com.udake.app/com.udake.app.MainActivity#759] set isRequiresLinearEffect false when dimming ratio equals 1.
04-17 16:26:09.964  1960  2101 D RenderEngine: [DesktopMode of Task=360#742] set isRequiresLinearEffect false when dimming ratio equals 1.
04-17 16:26:09.974  1960  2101 D RenderEngine: [Task=360#733] set isRequiresLinearEffect false when dimming ratio equals 1.
04-17 16:26:09.975  1960  2101 D RenderEngine: [com.udake.app/com.udake.app.MainActivity#746] set isRequiresLinearEffect false when dimming ratio equals 1.
04-17 16:26:09.975  1960  2101 D RenderEngine: [Dim Layer for - Task=360#761] set isRequiresLinearEffect false when dimming ratio equals 1.
04-17 16:26:09.975  1960  2101 D RenderEngine: [com.udake.app/com.udake.app.MainActivity#759] set isRequiresLinearEffect false when dimming ratio equals 1.
04-17 16:26:09.975  1960  2101 D RenderEngine: [DesktopMode of Task=360#742] set isRequiresLinearEffect false when dimming ratio equals 1.
04-17 16:26:09.990  1816  3404 I sensors-hal: handle_sns_std_sensor_event:140, ambient_light_event: ts=24827589549345, lux = 48, cct=31136, aod=17700
04-17 16:26:09.996  1960  2101 D RenderEngine: [Task=360#733] set isRequiresLinearEffect false when dimming ratio equals 1.
04-17 16:26:09.996  1960  2101 D RenderEngine: [com.udake.app/com.udake.app.MainActivity#746] set isRequiresLinearEffect false when dimming ratio equals 1.
04-17 16:26:09.996  1960  2101 D RenderEngine: [Dim Layer for - Task=360#761] set isRequiresLinearEffect false when dimming ratio equals 1.
04-17 16:26:09.996  1960  2101 D RenderEngine: [com.udake.app/com.udake.app.MainActivity#759] set isRequiresLinearEffect false when dimming ratio equals 1.
04-17 16:26:09.997  1960  2101 D RenderEngine: [DesktopMode of Task=360#742] set isRequiresLinearEffect false when dimming ratio equals 1.
04-17 16:26:10.007  1960  2101 D RenderEngine: [Task=360#733] set isRequiresLinearEffect false when dimming ratio equals 1.
04-17 16:26:10.007  1960  2101 D RenderEngine: [com.udake.app/com.udake.app.MainActivity#746] set isRequiresLinearEffect false when dimming ratio equals 1.
04-17 16:26:10.008  1960  2101 D RenderEngine: [Dim Layer for - Task=360#761] set isRequiresLinearEffect false when dimming ratio equals 1.
04-17 16:26:10.008  1960  2101 D RenderEngine: [com.udake.app/com.udake.app.MainActivity#759] set isRequiresLinearEffect false when dimming ratio equals 1.
04-17 16:26:10.008  1960  2101 D RenderEngine: [DesktopMode of Task=360#742] set isRequiresLinearEffect false when dimming ratio equals 1.
04-17 16:26:10.011  2315  3144 D PipelineWatcher: onInputBufferReleased: frameIndex not found (219682); ignored
04-17 16:26:10.030  1960  2101 D RenderEngine: [Task=360#733] set isRequiresLinearEffect false when dimming ratio equals 1.
04-17 16:26:10.030  1960  2101 D RenderEngine: [com.udake.app/com.udake.app.MainActivity#746] set isRequiresLinearEffect false when dimming ratio equals 1.
04-17 16:26:10.030  1960  2101 D RenderEngine: [Dim Layer for - Task=360#761] set isRequiresLinearEffect false when dimming ratio equals 1.
04-17 16:26:10.030  1960  2101 D RenderEngine: [com.udake.app/com.udake.app.MainActivity#759] set isRequiresLinearEffect false when dimming ratio equals 1.
04-17 16:26:10.030  1960  2101 D RenderEngine: [DesktopMode of Task=360#742] set isRequiresLinearEffect false when dimming ratio equals 1.
04-17 16:26:10.040  1960  2101 D RenderEngine: [Task=360#733] set isRequiresLinearEffect false when dimming ratio equals 1.
04-17 16:26:10.040  1960  2101 D RenderEngine: [com.udake.app/com.udake.app.MainActivity#746] set isRequiresLinearEffect false when dimming ratio equals 1.
04-17 16:26:10.041  1960  2101 D RenderEngine: [Dim Layer for - Task=360#761] set isRequiresLinearEffect false when dimming ratio equals 1.
04-17 16:26:10.041  1960  2101 D RenderEngine: [com.udake.app/com.udake.app.MainActivity#759] set isRequiresLinearEffect false when dimming ratio equals 1.
04-17 16:26:10.041  1960  2101 D RenderEngine: [DesktopMode of Task=360#742] set isRequiresLinearEffect false when dimming ratio equals 1.
04-17 16:26:10.063  1960  2101 D RenderEngine: [Task=360#733] set isRequiresLinearEffect false when dimming ratio equals 1.
04-17 16:26:10.063  1960  2101 D RenderEngine: [com.udake.app/com.udake.app.MainActivity#746] set isRequiresLinearEffect false when dimming ratio equals 1.
04-17 16:26:10.063  1960  2101 D RenderEngine: [Dim Layer for - Task=360#761] set isRequiresLinearEffect false when dimming ratio equals 1.
04-17 16:26:10.063  1960  2101 D RenderEngine: [com.udake.app/com.udake.app.MainActivity#759] set isRequiresLinearEffect false when dimming ratio equals 1.
04-17 16:26:10.064  1960  2101 D RenderEngine: [DesktopMode of Task=360#742] set isRequiresLinearEffect false when dimming ratio equals 1.
04-17 16:26:10.074  1960  2101 D RenderEngine: [Task=360#733] set isRequiresLinearEffect false when dimming ratio equals 1.
04-17 16:26:10.074  1960  2101 D RenderEngine: [com.udake.app/com.udake.app.MainActivity#746] set isRequiresLinearEffect false when dimming ratio equals 1.
04-17 16:26:10.074  1960  2101 D RenderEngine: [Dim Layer for - Task=360#761] set isRequiresLinearEffect false when dimming ratio equals 1.
04-17 16:26:10.074  1960  2101 D RenderEngine: [com.udake.app/com.udake.app.MainActivity#759] set isRequiresLinearEffect false when dimming ratio equals 1.
04-17 16:26:10.074  1960  2101 D RenderEngine: [DesktopMode of Task=360#742] set isRequiresLinearEffect false when dimming ratio equals 1.
04-17 16:26:10.097  1960  2101 D RenderEngine: [Task=360#733] set isRequiresLinearEffect false when dimming ratio equals 1.
04-17 16:26:10.097  1960  2101 D RenderEngine: [com.udake.app/com.udake.app.MainActivity#746] set isRequiresLinearEffect false when dimming ratio equals 1.
04-17 16:26:10.097  1960  2101 D RenderEngine: [Dim Layer for - Task=360#761] set isRequiresLinearEffect false when dimming ratio equals 1.
04-17 16:26:10.097  1960  2101 D RenderEngine: [com.udake.app/com.udake.app.MainActivity#759] set isRequiresLinearEffect false when dimming ratio equals 1.
04-17 16:26:10.097  1960  2101 D RenderEngine: [DesktopMode of Task=360#742] set isRequiresLinearEffect false when dimming ratio equals 1.
04-17 16:26:10.107  1960  2101 D RenderEngine: [Task=360#733] set isRequiresLinearEffect false when dimming ratio equals 1.
04-17 16:26:10.108  1960  2101 D RenderEngine: [com.udake.app/com.udake.app.MainActivity#746] set isRequiresLinearEffect false when dimming ratio equals 1.
04-17 16:26:10.108  1960  2101 D RenderEngine: [Dim Layer for - Task=360#761] set isRequiresLinearEffect false when dimming ratio equals 1.
04-17 16:26:10.108  1960  2101 D RenderEngine: [com.udake.app/com.udake.app.MainActivity#759] set isRequiresLinearEffect false when dimming ratio equals 1.
04-17 16:26:10.108  1960  2101 D RenderEngine: [DesktopMode of Task=360#742] set isRequiresLinearEffect false when dimming ratio equals 1.
04-17 16:26:10.129  1960  2101 D RenderEngine: [Task=360#733] set isRequiresLinearEffect false when dimming ratio equals 1.
04-17 16:26:10.129  1960  2101 D RenderEngine: [com.udake.app/com.udake.app.MainActivity#746] set isRequiresLinearEffect false when dimming ratio equals 1.
04-17 16:26:10.129  1960  2101 D RenderEngine: [Dim Layer for - Task=360#761] set isRequiresLinearEffect false when dimming ratio equals 1.
04-17 16:26:10.129  1960  2101 D RenderEngine: [com.udake.app/com.udake.app.MainActivity#759] set isRequiresLinearEffect false when dimming ratio equals 1.
04-17 16:26:10.129  1960  2101 D RenderEngine: [DesktopMode of Task=360#742] set isRequiresLinearEffect false when dimming ratio equals 1.
04-17 16:26:10.141  1960  2101 D RenderEngine: [Task=360#733] set isRequiresLinearEffect false when dimming ratio equals 1.
04-17 16:26:10.141  1960  2101 D RenderEngine: [com.udake.app/com.udake.app.MainActivity#746] set isRequiresLinearEffect false when dimming ratio equals 1.
04-17 16:26:10.141  1960  2101 D RenderEngine: [Dim Layer for - Task=360#761] set isRequiresLinearEffect false when dimming ratio equals 1.
04-17 16:26:10.141  1960  2101 D RenderEngine: [com.udake.app/com.udake.app.MainActivity#759] set isRequiresLinearEffect false when dimming ratio equals 1.
04-17 16:26:10.141  1960  2101 D RenderEngine: [DesktopMode of Task=360#742] set isRequiresLinearEffect false when dimming ratio equals 1.
04-17 16:26:10.154  1816  3404 I sensors-hal: handle_sns_std_sensor_event:140, ambient_light_event: ts=24827755548095, lux = 48, cct=31136, aod=17700
04-17 16:26:10.163  1960  2101 D RenderEngine: [Task=360#733] set isRequiresLinearEffect false when dimming ratio equals 1.
04-17 16:26:10.163  1960  2101 D RenderEngine: [com.udake.app/com.udake.app.MainActivity#746] set isRequiresLinearEffect false when dimming ratio equals 1.
04-17 16:26:10.163  1960  2101 D RenderEngine: [Dim Layer for - Task=360#761] set isRequiresLinearEffect false when dimming ratio equals 1.
04-17 16:26:10.163  1960  2101 D RenderEngine: [com.udake.app/com.udake.app.MainActivity#759] set isRequiresLinearEffect false when dimming ratio equals 1.
04-17 16:26:10.163  1960  2101 D RenderEngine: [DesktopMode of Task=360#742] set isRequiresLinearEffect false when dimming ratio equals 1.
04-17 16:26:10.174  1960  2101 D RenderEngine: [Task=360#733] set isRequiresLinearEffect false when dimming ratio equals 1.
04-17 16:26:10.174  1960  2101 D RenderEngine: [com.udake.app/com.udake.app.MainActivity#746] set isRequiresLinearEffect false when dimming ratio equals 1.
04-17 16:26:10.174  1960  2101 D RenderEngine: [Dim Layer for - Task=360#761] set isRequiresLinearEffect false when dimming ratio equals 1.
04-17 16:26:10.174  1960  2101 D RenderEngine: [com.udake.app/com.udake.app.MainActivity#759] set isRequiresLinearEffect false when dimming ratio equals 1.
04-17 16:26:10.174  1960  2101 D RenderEngine: [DesktopMode of Task=360#742] set isRequiresLinearEffect false when dimming ratio equals 1.
04-17 16:26:10.184  1866  1984 D vendor.honor.hardware.aoservice-service: [AO_SVC] (reopen_timer_handler:52):enter reopen handler
04-17 16:26:10.196  1960  2101 D RenderEngine: [Task=360#733] set isRequiresLinearEffect false when dimming ratio equals 1.
04-17 16:26:10.196  1960  2101 D RenderEngine: [com.udake.app/com.udake.app.MainActivity#746] set isRequiresLinearEffect false when dimming ratio equals 1.
04-17 16:26:10.196  1960  2101 D RenderEngine: [Dim Layer for - Task=360#761] set isRequiresLinearEffect false when dimming ratio equals 1.
04-17 16:26:10.196  1960  2101 D RenderEngine: [com.udake.app/com.udake.app.MainActivity#759] set isRequiresLinearEffect false when dimming ratio equals 1.
04-17 16:26:10.196  1960  2101 D RenderEngine: [DesktopMode of Task=360#742] set isRequiresLinearEffect false when dimming ratio equals 1.
04-17 16:26:10.200  3683  4374 I AppFastHibernation: wakeup all fast H for timeout
04-17 16:26:10.201  3683  4374 I AppFastHibernation: fast unF_Z uid=10030 pkgs=[com.hihonor.contacts]
04-17 16:26:10.202  3683  4374 W AppFastHibernation: fast H pid:4212 but RDH not F_Z it
04-17 16:26:10.203  3683  4374 I AppFastHibernation: fast unF_Z uid=10211 pkgs=[com.tencent.mobileqq]
04-17 16:26:10.203  3683  4374 W AppFastHibernation: fast H pid:6983 but RDH not F_Z it
04-17 16:26:10.203  3683  4374 I AppFastHibernation: fast unF_Z uid=10211 pkgs=[com.tencent.mobileqq]
04-17 16:26:10.204  3683  4374 W AppFastHibernation: fast H pid:7043 but RDH not F_Z it
04-17 16:26:10.204  3683  4374 I AppFastHibernation: fast unF_Z uid=10192 pkgs=[com.hihonor.health]
04-17 16:26:10.204  3683  4374 W AppFastHibernation: fast H pid:10002 but RDH not F_Z it
04-17 16:26:10.204  3683  4374 I AppFastHibernation: fast unF_Z uid=10210 pkgs=[com.tencent.mm]
04-17 16:26:10.205  3683  4374 W AppFastHibernation: fast H pid:14040 but RDH not F_Z it
04-17 16:26:10.205  3683  4374 I AppFastHibernation: fast unF_Z uid=10210 pkgs=[com.tencent.mm]
04-17 16:26:10.205  3683  4374 W AppFastHibernation: fast H pid:15260 but RDH not F_Z it
04-17 16:26:10.205  3683  4374 I AppFastHibernation: fast unF_Z uid=10210 pkgs=[com.tencent.mm]
04-17 16:26:10.205  3683  4374 W AppFastHibernation: fast H pid:15728 but RDH not F_Z it
04-17 16:26:10.205  3683  4374 I AppFastHibernation: fast unF_Z uid=10061 pkgs=[com.hihonor.servicecenter]
04-17 16:26:10.205  3683  4374 W AppFastHibernation: fast H pid:27233 but RDH not F_Z it
04-17 16:26:10.206  2367  5667 I Pged-IPgedBinderService: ****action is 2, pid num is 9***
04-17 16:26:10.206  2367  5667 I Pged-Freezer: thawPids
04-17 16:26:10.207  1960  2101 D RenderEngine: [Task=360#733] set isRequiresLinearEffect false when dimming ratio equals 1.
04-17 16:26:10.207  1960  2101 D RenderEngine: [com.udake.app/com.udake.app.MainActivity#746] set isRequiresLinearEffect false when dimming ratio equals 1.
04-17 16:26:10.207  1960  2101 D RenderEngine: [Dim Layer for - Task=360#761] set isRequiresLinearEffect false when dimming ratio equals 1.
04-17 16:26:10.207  1960  2101 D RenderEngine: [com.udake.app/com.udake.app.MainActivity#759] set isRequiresLinearEffect false when dimming ratio equals 1.
04-17 16:26:10.207  1960  2101 D RenderEngine: [DesktopMode of Task=360#742] set isRequiresLinearEffect false when dimming ratio equals 1.
04-17 16:26:10.208  2367  5667 I Pged-CGroup: detach pid ok, pid: 4212, path: Group_1652548376
04-17 16:26:10.209  2367  5667 I Pged-CGroup: detach pid ok, pid: 6983, path: Group_2748015533
04-17 16:26:10.209  6983  7180 V MSF.C.MSFCore[@PS]: [Event] MSFPacketStatistics.cpp(300)::DoCheckRequestTimeout->current rtts:98.142
04-17 16:26:10.210  6983  7185 V MSF.C.MSFCore[@DD]: [Event] MSFDragonDiagno.cpp(47)::onCheckTimeout->maybe msf thread is block! now:1776414370210, lastcheckTimestamp:1776414368301
04-17 16:26:10.210  6983  7185 V MSF.C.MSFCore[@DD]: [Event] MSFDragonDiagno.cpp(50)::onCheckTimeout->maybe msf callback thread is block! now:1776414370210, lastcheckTimestamp:1776414368302
04-17 16:26:10.212  2367  5667 I Pged-CGroup: detach pid ok, pid: 7043, path: Group_1651271270
04-17 16:26:10.213  2367  5667 I Pged-CGroup: detach pid ok, pid: 10002, path: Group_3710102780
04-17 16:26:10.216  2367  5667 I Pged-CGroup: detach pid ok, pid: 14040, path: Group_1086797860
04-17 16:26:10.217  3762  4252 D TransportToLinkCommunication: getLinkLayerVersion module = 0
04-17 16:26:10.217  2367  5667 I Pged-CGroup: detach pid ok, pid: 15260, path: Group_1389623531
04-17 16:26:10.217  2367  5667 I Pged-CGroup: detach pid ok, pid: 15728, path: Group_4224753941
04-17 16:26:10.218  3762  4252 E TransportLayerUtils: performQueryWithTimeout exception = java.util.concurrent.ExecutionException: java.lang.ArrayIndexOutOfBoundsException: length=0; index=0, caller = getLinkLayerVersion, timeout = 1, EXECUTOR  = java.util.concurrent.ThreadPoolExecutor@6d9df10[Running, pool size = 1, active threads = 0, queued tasks = 0, completed tasks = 6136]
04-17 16:26:10.218  3762  4252 D Booster_OllieChrManager: sendDataToChrApk msdId: 30
04-17 16:26:10.218  3762  4252 I Booster_OllieChrManager: ChrService is null
04-17 16:26:10.218  3762  4252 D TransportToLinkCommunication: getLinkLayerVersion module = 0
04-17 16:26:10.218  3762  4252 E TransportLayerUtils: performQueryWithTimeout exception = java.util.concurrent.ExecutionException: java.lang.ArrayIndexOutOfBoundsException: length=0; index=0, caller = getLinkLayerVersion, timeout = 1, EXECUTOR  = java.util.concurrent.ThreadPoolExecutor@6d9df10[Running, pool size = 1, active threads = 0, queued tasks = 0, completed tasks = 6137]
04-17 16:26:10.219  3762  4252 D Booster_OllieChrManager: sendDataToChrApk msdId: 30
04-17 16:26:10.219  3762  4252 I Booster_OllieChrManager: ChrService is null
04-17 16:26:10.219  3762  4252 D TransportToLinkCommunication: getLinkLayerVersion module = 1
04-17 16:26:10.219  3762  4252 D TransportToLinkCommunication: getLinkLayerVersion module = 1
04-17 16:26:10.219  2367  5667 I Pged-CGroup: detach pid ok, pid: 27233, path: Group_4247002873
04-17 16:26:10.219  3683  4374 D PgedBinderAdapter: unF_Z ok, pid: [4212, 6983, 7043, 10002, 14040, 15260, 15728, 27233]
04-17 16:26:10.220  3762  4253 D Advanced_Booster_Qoe: channel Index:6
04-17 16:26:10.220  3762  4253 D Calculate_Wifi_Bandwidth: SmoothWifiChannelParameters, alpha is: 0.500000.
04-17 16:26:10.220  3762  4253 D Calculate_Wifi_Bandwidth: SmoothWifiChannelParameters, smoothed data, chload: 47, rssi: -43, phyRxRate: 10806 100kbps, phyTxRate: 9606 100kbps.
04-17 16:26:10.220  3762  4253 D Calculate_Wifi_Bandwidth: GetThroughputByLinearInter, left index is: 2, current rssi is: -43 dBm, higher rssi is: -40 dBm, lower rssi is: -45 dBm!
04-17 16:26:10.220  3762  4253 D Calculate_Wifi_Bandwidth: CalcChannelBandwidthByTable, isDownLink: 1, rateInTable: 673.601990 Mbps, calculated result: 6419.426758 100kbps.
04-17 16:26:10.220  3762  4253 D Calculate_Wifi_Bandwidth: GetThroughputByLinearInter, left index is: 2, current rssi is: -43 dBm, higher rssi is: -40 dBm, lower rssi is: -45 dBm!
04-17 16:26:10.220  3762  4253 D Calculate_Wifi_Bandwidth: CalcChannelBandwidthByTable, isDownLink: 0, rateInTable: 634.069946 Mbps, calculated result: 6042.686523 100kbps.
04-17 16:26:10.221  3762  4047 I ChannelQoeData: dumpChannelData: ModelBaseInfo:0,10257,512,1,-1,-1,-1,-1,-1,-1,-1,-1,-1,-1,-1,-1,0,0,1,0,0,1,0,0,0,0 DnsInfo:0,0,0 WifiId:0 WifiInfo:2,1,0,0,9607,10806,0,0,0,2,-44,-96,50,0,0,2,2,255 AppUid:1051 ChannelId:2 TcpData:0,0,0,0,0,0,0,0,0,0,0,0,0,0,0,0,0,0,0 AppUid:999 ChannelId:2 TcpData:0,0,0,0,0,0,0,0,0,0,0,0,0,0,0,0,0,0,0 AppUid:0 ChannelId:2 TcpData:0,0,0,0,0,0,0,0,0,0,0,0,0,0,0,0,0,0,0 AppUid:10257 ChannelId:2 TcpData:0,0,0,0,0,0,0,0,0,0,0,0,0,0,0,0,0,0,0
04-17 16:26:10.221  3762  4253 I Advanced_Booster_Qoe: AdaBoostPredict,index:6,NisPsSlow:0,NProba:350,rsrp(rssi):-44,rsrq(noise):-96,rtt(chload):0,buffhigh(uldelay):0,buffcomm(rtt):0
04-17 16:26:10.221  3762  4253 D Advanced_Booster_Qoe: DetectLinkBandwidthLvlLow switch off.
04-17 16:26:10.221  3762  4253 D Advanced_Booster_Qoe: DetectLinkUlDelayLvlLow switch off.
04-17 16:26:10.221  3762  4253 D Advanced_Booster_Qoe: channel Index:2
04-17 16:26:10.221  3762  4253 D Calculate_Wifi_Bandwidth: SmoothWifiChannelParameters, alpha is: 0.500000.
04-17 16:26:10.221  3762  4253 D Calculate_Wifi_Bandwidth: SmoothWifiChannelParameters, smoothed data, chload: 23, rssi: -43, phyRxRate: 10806 100kbps, phyTxRate: 9606 100kbps.
04-17 16:26:10.221  3762  4253 D Calculate_Wifi_Bandwidth: GetThroughputByLinearInter, left index is: 2, current rssi is: -43 dBm, higher rssi is: -40 dBm, lower rssi is: -45 dBm!
04-17 16:26:10.221  3762  4253 D Calculate_Wifi_Bandwidth: CalcChannelBandwidthByTable, isDownLink: 1, rateInTable: 673.601990 Mbps, calculated result: 6581.091309 100kbps.
04-17 16:26:10.221  3762  4253 D Calculate_Wifi_Bandwidth: GetThroughputByLinearInter, left index is: 2, current rssi is: -43 dBm, higher rssi is: -40 dBm, lower rssi is: -45 dBm!
04-17 16:26:10.221  3762  4253 D Calculate_Wifi_Bandwidth: CalcChannelBandwidthByTable, isDownLink: 0, rateInTable: 634.069946 Mbps, calculated result: 6194.863281 100kbps.
04-17 16:26:10.221  3762  4253 I Advanced_Booster_Qoe: AdaBoostPredict,index:2,NisPsSlow:0,NProba:350,rsrp(rssi):-44,rsrq(noise):-96,rtt(chload):0,buffhigh(uldelay):0,buffcomm(rtt):0
04-17 16:26:10.221  3762  4253 D Advanced_Booster_Qoe: DetectLinkBandwidthLvlLow switch off.
04-17 16:26:10.221  3762  4253 D Advanced_Booster_Qoe: DetectLinkUlDelayLvlLow switch off.
04-17 16:26:10.222  3762  4253 I Advanced_Booster_Qoe: AdvancedQoeInfo: 10257,4,0,350,1,2,4,0,350,960700,1080600,10,10,0,0,0,0,0,2,0,0,-44; subReason: 0,0,0,0,0,0,0,0,1,2,0,0,0,0,0,0,0,0; detectedRules: 0,0,0,0,1,2,0,0,0,0
04-17 16:26:10.222  3762  4253 I Collector: HandleRawWifiInfoVer2: flag:0, netId:0!
04-17 16:26:10.222  3762  4047 D NetworkQoeRca: appQoeInfo set faultType: 0
04-17 16:26:10.222  3762  4047 D NetworkQoeRca: appQoeInfo set faultDomain: 0
04-17 16:26:10.222  3762  4045 I Booster_OllieObserver: notify registrants event: EVENT_QOE_INFO_CHANGED
04-17 16:26:10.223  3762  4047 D Linkturbo_NetworkQoeManager: getChannelQuality: {"channelId":0,"qoeLevel":4,"reason":0}
04-17 16:26:10.223  3762  4047 I Linkturbo_EmcomUtils: multipathPolicy is null
04-17 16:26:10.223  3762  4047 D Linkturbo_PolicyCenter: update rssi from qoe
04-17 16:26:10.223  3762  4047 I NetworkQoeMonitor: dataQualityReport:10257,4,0,350,1,2,4,0,350,960700,1080600,10,10,0,0,0,0,0,2,-1,-1,-44; channelQos: 1,2,7,7,7,0,0,0; subReason: 0,0,0,0,0,0,0,0,1,2,0,0,0,0,0,0,0,0; appDetectedRules: 0,0,0,0; flowQuality: 10257,2,-1,-1,-1; faultType: 0; faultDomain: 0; appQoe confidence: -1
04-17 16:26:10.223  3762  4047 D UserSceneNetworkSpeedStats: handleQoeInfoChanged, uid: 10257, qoeSpeedRecordNum: 1024, RX: 0 kbps, TX: 0 kbps
04-17 16:26:10.224  3762  4047 I DataDecisionManager: monitorDataFaultRecovery, data fault recovery reset all param
04-17 16:26:10.224  3762  4047 D DataDecisionManager: updateDataFaultPhenomenon dataFaultPhenomenon: 0
04-17 16:26:10.224  3762  4047 D DataDecisionManager: isNeedNotifyDualCardHSRFenceFault return false, it isn't HSR fence fault Phenomenon
04-17 16:26:10.224  3762  4047 E SmartDualCardUtils: isActiveSlotId error, invalid slotId
04-17 16:26:10.224  3762  4047 D DataDecisionManager: isNeedNotifyLinkLayerFault return false,  the fault type and the channelId are not change
04-17 16:26:10.224  3762  4047 D DataDecisionManager: isNeedNotifyTransportLayerFault return false, the default network link isn't cellular
04-17 16:26:10.224  3762  4047 E SmartDualCardUtils: isActiveSlotId error, invalid slotId
04-17 16:26:10.224  3762  4047 D DataDecisionManager: handleSmartDualCardFaultTypeNotify exit, because high speed rail fence is active or default network link isn't Cellular
04-17 16:26:10.224  2720  3346 I NetworkQoeUtils: handleNetworkQoeUpdated. rtt: 0, maxRatioChannelId: 2
04-17 16:26:10.224  2720  3346 I NetworkQoeUtils: getQoeEntityFromBundle. qoeString: 10257,4,0,350,1,2,4,0,350,960700,1080600,10,10,0,0,0,0, subReason: 0,0,0,0,0,0,0,0,1,2,0,0,0,0,0,0,0,0
04-17 16:26:10.229  1960  2101 D RenderEngine: [Task=360#733] set isRequiresLinearEffect false when dimming ratio equals 1.
04-17 16:26:10.229  1960  2101 D RenderEngine: [com.udake.app/com.udake.app.MainActivity#746] set isRequiresLinearEffect false when dimming ratio equals 1.
04-17 16:26:10.229  1960  2101 D RenderEngine: [Dim Layer for - Task=360#761] set isRequiresLinearEffect false when dimming ratio equals 1.
04-17 16:26:10.229  1960  2101 D RenderEngine: [com.udake.app/com.udake.app.MainActivity#759] set isRequiresLinearEffect false when dimming ratio equals 1.
04-17 16:26:10.229  1960  2101 D RenderEngine: [DesktopMode of Task=360#742] set isRequiresLinearEffect false when dimming ratio equals 1.
04-17 16:26:10.239  1960  2101 D RenderEngine: [Task=360#733] set isRequiresLinearEffect false when dimming ratio equals 1.
04-17 16:26:10.240  1960  2101 D RenderEngine: [com.udake.app/com.udake.app.MainActivity#746] set isRequiresLinearEffect false when dimming ratio equals 1.
04-17 16:26:10.240  1960  2101 D RenderEngine: [Dim Layer for - Task=360#761] set isRequiresLinearEffect false when dimming ratio equals 1.
04-17 16:26:10.240  1960  2101 D RenderEngine: [com.udake.app/com.udake.app.MainActivity#759] set isRequiresLinearEffect false when dimming ratio equals 1.
04-17 16:26:10.240  1960  2101 D RenderEngine: [DesktopMode of Task=360#742] set isRequiresLinearEffect false when dimming ratio equals 1.
04-17 16:26:10.263  1960  2101 D RenderEngine: [Task=360#733] set isRequiresLinearEffect false when dimming ratio equals 1.
04-17 16:26:10.263  1960  2101 D RenderEngine: [com.udake.app/com.udake.app.MainActivity#746] set isRequiresLinearEffect false when dimming ratio equals 1.
04-17 16:26:10.263  1960  2101 D RenderEngine: [Dim Layer for - Task=360#761] set isRequiresLinearEffect false when dimming ratio equals 1.
04-17 16:26:10.263  1960  2101 D RenderEngine: [com.udake.app/com.udake.app.MainActivity#759] set isRequiresLinearEffect false when dimming ratio equals 1.
04-17 16:26:10.263  1960  2101 D RenderEngine: [DesktopMode of Task=360#742] set isRequiresLinearEffect false when dimming ratio equals 1.
04-17 16:26:10.274  1960  2101 D RenderEngine: [Task=360#733] set isRequiresLinearEffect false when dimming ratio equals 1.
04-17 16:26:10.274  1960  2101 D RenderEngine: [com.udake.app/com.udake.app.MainActivity#746] set isRequiresLinearEffect false when dimming ratio equals 1.
04-17 16:26:10.275  1960  2101 D RenderEngine: [Dim Layer for - Task=360#761] set isRequiresLinearEffect false when dimming ratio equals 1.
04-17 16:26:10.275  1960  2101 D RenderEngine: [com.udake.app/com.udake.app.MainActivity#759] set isRequiresLinearEffect false when dimming ratio equals 1.
04-17 16:26:10.275  1960  2101 D RenderEngine: [DesktopMode of Task=360#742] set isRequiresLinearEffect false when dimming ratio equals 1.
04-17 16:26:10.296  1960  2101 D RenderEngine: [Task=360#733] set isRequiresLinearEffect false when dimming ratio equals 1.
04-17 16:26:10.296  1960  2101 D RenderEngine: [com.udake.app/com.udake.app.MainActivity#746] set isRequiresLinearEffect false when dimming ratio equals 1.
04-17 16:26:10.296  1960  2101 D RenderEngine: [Dim Layer for - Task=360#761] set isRequiresLinearEffect false when dimming ratio equals 1.
04-17 16:26:10.296  1960  2101 D RenderEngine: [com.udake.app/com.udake.app.MainActivity#759] set isRequiresLinearEffect false when dimming ratio equals 1.
04-17 16:26:10.296  1960  2101 D RenderEngine: [DesktopMode of Task=360#742] set isRequiresLinearEffect false when dimming ratio equals 1.
04-17 16:26:10.307  1960  2101 D RenderEngine: [Task=360#733] set isRequiresLinearEffect false when dimming ratio equals 1.
04-17 16:26:10.307  1960  2101 D RenderEngine: [com.udake.app/com.udake.app.MainActivity#746] set isRequiresLinearEffect false when dimming ratio equals 1.
04-17 16:26:10.307  1960  2101 D RenderEngine: [Dim Layer for - Task=360#761] set isRequiresLinearEffect false when dimming ratio equals 1.
04-17 16:26:10.307  1960  2101 D RenderEngine: [com.udake.app/com.udake.app.MainActivity#759] set isRequiresLinearEffect false when dimming ratio equals 1.
04-17 16:26:10.307  1960  2101 D RenderEngine: [DesktopMode of Task=360#742] set isRequiresLinearEffect false when dimming ratio equals 1.
04-17 16:26:10.322  1816  3404 I sensors-hal: handle_sns_std_sensor_event:140, ambient_light_event: ts=24827921557262, lux = 48, cct=31040, aod=17728
04-17 16:26:10.329  1960  2101 D RenderEngine: [Task=360#733] set isRequiresLinearEffect false when dimming ratio equals 1.
04-17 16:26:10.330  1960  2101 D RenderEngine: [com.udake.app/com.udake.app.MainActivity#746] set isRequiresLinearEffect false when dimming ratio equals 1.
04-17 16:26:10.330  1960  2101 D RenderEngine: [Dim Layer for - Task=360#761] set isRequiresLinearEffect false when dimming ratio equals 1.
04-17 16:26:10.330  1960  2101 D RenderEngine: [com.udake.app/com.udake.app.MainActivity#759] set isRequiresLinearEffect false when dimming ratio equals 1.
04-17 16:26:10.330  1960  2101 D RenderEngine: [DesktopMode of Task=360#742] set isRequiresLinearEffect false when dimming ratio equals 1.
04-17 16:26:10.339  1960  2101 D RenderEngine: [Task=360#733] set isRequiresLinearEffect false when dimming ratio equals 1.
04-17 16:26:10.339  1960  2101 D RenderEngine: [com.udake.app/com.udake.app.MainActivity#746] set isRequiresLinearEffect false when dimming ratio equals 1.
04-17 16:26:10.339  1960  2101 D RenderEngine: [Dim Layer for - Task=360#761] set isRequiresLinearEffect false when dimming ratio equals 1.
04-17 16:26:10.340  1960  2101 D RenderEngine: [com.udake.app/com.udake.app.MainActivity#759] set isRequiresLinearEffect false when dimming ratio equals 1.
04-17 16:26:10.340  1960  2101 D RenderEngine: [DesktopMode of Task=360#742] set isRequiresLinearEffect false when dimming ratio equals 1.
04-17 16:26:10.362  1960  2101 D RenderEngine: [Task=360#733] set isRequiresLinearEffect false when dimming ratio equals 1.
04-17 16:26:10.363  1960  2101 D RenderEngine: [com.udake.app/com.udake.app.MainActivity#746] set isRequiresLinearEffect false when dimming ratio equals 1.
04-17 16:26:10.363  1960  2101 D RenderEngine: [Dim Layer for - Task=360#761] set isRequiresLinearEffect false when dimming ratio equals 1.
04-17 16:26:10.363  1960  2101 D RenderEngine: [com.udake.app/com.udake.app.MainActivity#759] set isRequiresLinearEffect false when dimming ratio equals 1.
04-17 16:26:10.363  1960  2101 D RenderEngine: [DesktopMode of Task=360#742] set isRequiresLinearEffect false when dimming ratio equals 1.
04-17 16:26:10.373  1960  2101 D RenderEngine: [Task=360#733] set isRequiresLinearEffect false when dimming ratio equals 1.
04-17 16:26:10.373  1960  2101 D RenderEngine: [com.udake.app/com.udake.app.MainActivity#746] set isRequiresLinearEffect false when dimming ratio equals 1.
04-17 16:26:10.374  1960  2101 D RenderEngine: [Dim Layer for - Task=360#761] set isRequiresLinearEffect false when dimming ratio equals 1.
04-17 16:26:10.374  1960  2101 D RenderEngine: [com.udake.app/com.udake.app.MainActivity#759] set isRequiresLinearEffect false when dimming ratio equals 1.
04-17 16:26:10.374  1960  2101 D RenderEngine: [DesktopMode of Task=360#742] set isRequiresLinearEffect false when dimming ratio equals 1.
04-17 16:26:10.396  1960  2101 D RenderEngine: [Task=360#733] set isRequiresLinearEffect false when dimming ratio equals 1.
04-17 16:26:10.396  1960  2101 D RenderEngine: [com.udake.app/com.udake.app.MainActivity#746] set isRequiresLinearEffect false when dimming ratio equals 1.
04-17 16:26:10.396  1960  2101 D RenderEngine: [Dim Layer for - Task=360#761] set isRequiresLinearEffect false when dimming ratio equals 1.
04-17 16:26:10.396  1960  2101 D RenderEngine: [com.udake.app/com.udake.app.MainActivity#759] set isRequiresLinearEffect false when dimming ratio equals 1.
04-17 16:26:10.396  1960  2101 D RenderEngine: [DesktopMode of Task=360#742] set isRequiresLinearEffect false when dimming ratio equals 1.
04-17 16:26:10.407  1960  2101 D RenderEngine: [Task=360#733] set isRequiresLinearEffect false when dimming ratio equals 1.
04-17 16:26:10.407  1960  2101 D RenderEngine: [com.udake.app/com.udake.app.MainActivity#746] set isRequiresLinearEffect false when dimming ratio equals 1.
04-17 16:26:10.407  1960  2101 D RenderEngine: [Dim Layer for - Task=360#761] set isRequiresLinearEffect false when dimming ratio equals 1.
04-17 16:26:10.407  1960  2101 D RenderEngine: [com.udake.app/com.udake.app.MainActivity#759] set isRequiresLinearEffect false when dimming ratio equals 1.
04-17 16:26:10.407  1960  2101 D RenderEngine: [DesktopMode of Task=360#742] set isRequiresLinearEffect false when dimming ratio equals 1.
04-17 16:26:10.429  1960  2101 D RenderEngine: [Task=360#733] set isRequiresLinearEffect false when dimming ratio equals 1.
04-17 16:26:10.429  1960  2101 D RenderEngine: [com.udake.app/com.udake.app.MainActivity#746] set isRequiresLinearEffect false when dimming ratio equals 1.
04-17 16:26:10.429  1960  2101 D RenderEngine: [Dim Layer for - Task=360#761] set isRequiresLinearEffect false when dimming ratio equals 1.
04-17 16:26:10.429  1960  2101 D RenderEngine: [com.udake.app/com.udake.app.MainActivity#759] set isRequiresLinearEffect false when dimming ratio equals 1.
04-17 16:26:10.429  1960  2101 D RenderEngine: [DesktopMode of Task=360#742] set isRequiresLinearEffect false when dimming ratio equals 1.
04-17 16:26:10.451  1960  2101 D RenderEngine: [Task=360#733] set isRequiresLinearEffect false when dimming ratio equals 1.
04-17 16:26:10.451  1960  2101 D RenderEngine: [com.udake.app/com.udake.app.MainActivity#746] set isRequiresLinearEffect false when dimming ratio equals 1.
04-17 16:26:10.452  1960  2101 D RenderEngine: [Dim Layer for - Task=360#761] set isRequiresLinearEffect false when dimming ratio equals 1.
04-17 16:26:10.452  1960  2101 D RenderEngine: [com.udake.app/com.udake.app.MainActivity#759] set isRequiresLinearEffect false when dimming ratio equals 1.
04-17 16:26:10.452  1960  2101 D RenderEngine: [DesktopMode of Task=360#742] set isRequiresLinearEffect false when dimming ratio equals 1.
04-17 16:26:10.462  1960  2101 D RenderEngine: [Task=360#733] set isRequiresLinearEffect false when dimming ratio equals 1.
04-17 16:26:10.462  1960  2101 D RenderEngine: [com.udake.app/com.udake.app.MainActivity#746] set isRequiresLinearEffect false when dimming ratio equals 1.
04-17 16:26:10.462  1960  2101 D RenderEngine: [Dim Layer for - Task=360#761] set isRequiresLinearEffect false when dimming ratio equals 1.
04-17 16:26:10.462  1960  2101 D RenderEngine: [com.udake.app/com.udake.app.MainActivity#759] set isRequiresLinearEffect false when dimming ratio equals 1.
04-17 16:26:10.462  1960  2101 D RenderEngine: [DesktopMode of Task=360#742] set isRequiresLinearEffect false when dimming ratio equals 1.
04-17 16:26:10.472  1960  2102 I BackgroundExecutor: [FrameScheduler] set thread[1960]'s frequency to [13 668]
04-17 16:26:10.473  1960  2101 D RenderEngine: [Task=360#733] set isRequiresLinearEffect false when dimming ratio equals 1.
04-17 16:26:10.473  1960  2101 D RenderEngine: [com.udake.app/com.udake.app.MainActivity#746] set isRequiresLinearEffect false when dimming ratio equals 1.
04-17 16:26:10.473  1960  2101 D RenderEngine: [Dim Layer for - Task=360#761] set isRequiresLinearEffect false when dimming ratio equals 1.
04-17 16:26:10.474  1960  2101 D RenderEngine: [com.udake.app/com.udake.app.MainActivity#759] set isRequiresLinearEffect false when dimming ratio equals 1.
04-17 16:26:10.474  1960  2101 D RenderEngine: [DesktopMode of Task=360#742] set isRequiresLinearEffect false when dimming ratio equals 1.
04-17 16:26:10.483  1960  2102 I BackgroundExecutor: [FrameScheduler] set thread[1960]'s frequency to [6 414]
04-17 16:26:10.483  1960  2101 D RenderEngine: [Task=360#733] set isRequiresLinearEffect false when dimming ratio equals 1.
04-17 16:26:10.483  1960  2101 D RenderEngine: [com.udake.app/com.udake.app.MainActivity#746] set isRequiresLinearEffect false when dimming ratio equals 1.
04-17 16:26:10.484  1960  2101 D RenderEngine: [Dim Layer for - Task=360#761] set isRequiresLinearEffect false when dimming ratio equals 1.
04-17 16:26:10.484  1960  2101 D RenderEngine: [com.udake.app/com.udake.app.MainActivity#759] set isRequiresLinearEffect false when dimming ratio equals 1.
04-17 16:26:10.484  1960  2101 D RenderEngine: [DesktopMode of Task=360#742] set isRequiresLinearEffect false when dimming ratio equals 1.
04-17 16:26:10.486  1816  3404 I sensors-hal: handle_sns_std_sensor_event:140, ambient_light_event: ts=24828087552626, lux = 48, cct=31040, aod=17728
04-17 16:26:10.494  1960  2102 I BackgroundExecutor: [FrameScheduler] set thread[1960]'s frequency to [3 303]
04-17 16:26:10.494  1960  2101 D RenderEngine: [Task=360#733] set isRequiresLinearEffect false when dimming ratio equals 1.
04-17 16:26:10.495  1960  2101 D RenderEngine: [com.udake.app/com.udake.app.MainActivity#746] set isRequiresLinearEffect false when dimming ratio equals 1.
04-17 16:26:10.495  1960  2101 D RenderEngine: [Dim Layer for - Task=360#761] set isRequiresLinearEffect false when dimming ratio equals 1.
04-17 16:26:10.495  1960  2101 D RenderEngine: [com.udake.app/com.udake.app.MainActivity#759] set isRequiresLinearEffect false when dimming ratio equals 1.
04-17 16:26:10.495  1960  2101 D RenderEngine: [DesktopMode of Task=360#742] set isRequiresLinearEffect false when dimming ratio equals 1.
04-17 16:26:10.505  1960  2102 I BackgroundExecutor: [FrameScheduler] set thread[1960]'s frequency to [1 204]
04-17 16:26:10.505  1960  2101 D RenderEngine: [Task=360#733] set isRequiresLinearEffect false when dimming ratio equals 1.
04-17 16:26:10.505  1960  2101 D RenderEngine: [com.udake.app/com.udake.app.MainActivity#746] set isRequiresLinearEffect false when dimming ratio equals 1.
04-17 16:26:10.506  1960  2101 D RenderEngine: [Dim Layer for - Task=360#761] set isRequiresLinearEffect false when dimming ratio equals 1.
04-17 16:26:10.506  1960  2101 D RenderEngine: [com.udake.app/com.udake.app.MainActivity#759] set isRequiresLinearEffect false when dimming ratio equals 1.
04-17 16:26:10.506  1960  2101 D RenderEngine: [DesktopMode of Task=360#742] set isRequiresLinearEffect false when dimming ratio equals 1.
04-17 16:26:10.527  1960  2102 I BackgroundExecutor: [FrameScheduler] set thread[1960]'s frequency to [0 0]
04-17 16:26:10.528  1960  2101 D RenderEngine: [Task=360#733] set isRequiresLinearEffect false when dimming ratio equals 1.
04-17 16:26:10.528  1960  2101 D RenderEngine: [com.udake.app/com.udake.app.MainActivity#746] set isRequiresLinearEffect false when dimming ratio equals 1.
04-17 16:26:10.528  1960  2101 D RenderEngine: [Dim Layer for - Task=360#761] set isRequiresLinearEffect false when dimming ratio equals 1.
04-17 16:26:10.528  1960  2101 D RenderEngine: [com.udake.app/com.udake.app.MainActivity#759] set isRequiresLinearEffect false when dimming ratio equals 1.
04-17 16:26:10.528  1960  2101 D RenderEngine: [DesktopMode of Task=360#742] set isRequiresLinearEffect false when dimming ratio equals 1.
04-17 16:26:10.539  1960  2101 D RenderEngine: [Task=360#733] set isRequiresLinearEffect false when dimming ratio equals 1.
04-17 16:26:10.539  1960  2101 D RenderEngine: [com.udake.app/com.udake.app.MainActivity#746] set isRequiresLinearEffect false when dimming ratio equals 1.
04-17 16:26:10.539  1960  2101 D RenderEngine: [Dim Layer for - Task=360#761] set isRequiresLinearEffect false when dimming ratio equals 1.
04-17 16:26:10.539  1960  2101 D RenderEngine: [com.udake.app/com.udake.app.MainActivity#759] set isRequiresLinearEffect false when dimming ratio equals 1.
04-17 16:26:10.539  1960  2101 D RenderEngine: [DesktopMode of Task=360#742] set isRequiresLinearEffect false when dimming ratio equals 1.
04-17 16:26:10.558  4269 11562 D nStackXQoS: QoSMonitorOnMaxSendRateChanged:[365] :enter
04-17 16:26:10.562  1960  2101 D RenderEngine: [Task=360#733] set isRequiresLinearEffect false when dimming ratio equals 1.
04-17 16:26:10.562  1960  2101 D RenderEngine: [com.udake.app/com.udake.app.MainActivity#746] set isRequiresLinearEffect false when dimming ratio equals 1.
04-17 16:26:10.562  1960  2101 D RenderEngine: [Dim Layer for - Task=360#761] set isRequiresLinearEffect false when dimming ratio equals 1.
04-17 16:26:10.562  1960  2101 D RenderEngine: [com.udake.app/com.udake.app.MainActivity#759] set isRequiresLinearEffect false when dimming ratio equals 1.
04-17 16:26:10.562  1960  2101 D RenderEngine: [DesktopMode of Task=360#742] set isRequiresLinearEffect false when dimming ratio equals 1.
04-17 16:26:10.564  4269 11562 I nStackXDMultiPath: UpdatePeerInfoDestinationMaxSendRate:[159] :DEV[2]:[10.x.x.26 1 456 380 456]
04-17 16:26:10.566  4269 11562 I nStackXDMultiPath: PrintNetIfconfigCounts:[317] :[DEV[2]: rx[221782 0 0] tx[126019 0 0] sndStat 1_4167749 recvQOF[0,0,0]]
04-17 16:26:10.583  3502 10247 D HnDesktopModeHighLoadPresenter: getCpuLoadInfo: mTaskNum <= NUM_TASK_THRESHOLD
04-17 16:26:10.583  3502 10247 D HnDesktopModeHighLoadPresenter: has set same level
04-17 16:26:10.585  1960  2101 D RenderEngine: [Task=360#733] set isRequiresLinearEffect false when dimming ratio equals 1.
04-17 16:26:10.585  1960  2101 D RenderEngine: [com.udake.app/com.udake.app.MainActivity#746] set isRequiresLinearEffect false when dimming ratio equals 1.
04-17 16:26:10.585  1960  2101 D RenderEngine: [Dim Layer for - Task=360#761] set isRequiresLinearEffect false when dimming ratio equals 1.
04-17 16:26:10.585  1960  2101 D RenderEngine: [com.udake.app/com.udake.app.MainActivity#759] set isRequiresLinearEffect false when dimming ratio equals 1.
04-17 16:26:10.585  1960  2101 D RenderEngine: [DesktopMode of Task=360#742] set isRequiresLinearEffect false when dimming ratio equals 1.
04-17 16:26:10.594  1960  2101 D RenderEngine: [Task=360#733] set isRequiresLinearEffect false when dimming ratio equals 1.
04-17 16:26:10.594  1960  2101 D RenderEngine: [com.udake.app/com.udake.app.MainActivity#746] set isRequiresLinearEffect false when dimming ratio equals 1.
04-17 16:26:10.594  1960  2101 D RenderEngine: [Dim Layer for - Task=360#761] set isRequiresLinearEffect false when dimming ratio equals 1.
04-17 16:26:10.594  1960  2101 D RenderEngine: [com.udake.app/com.udake.app.MainActivity#759] set isRequiresLinearEffect false when dimming ratio equals 1.
04-17 16:26:10.594  1960  2101 D RenderEngine: [DesktopMode of Task=360#742] set isRequiresLinearEffect false when dimming ratio equals 1.
04-17 16:26:10.605  1960  2101 D RenderEngine: [Task=360#733] set isRequiresLinearEffect false when dimming ratio equals 1.
04-17 16:26:10.605  1960  2101 D RenderEngine: [com.udake.app/com.udake.app.MainActivity#746] set isRequiresLinearEffect false when dimming ratio equals 1.
04-17 16:26:10.605  1960  2101 D RenderEngine: [Dim Layer for - Task=360#761] set isRequiresLinearEffect false when dimming ratio equals 1.
04-17 16:26:10.605  1960  2101 D RenderEngine: [com.udake.app/com.udake.app.MainActivity#759] set isRequiresLinearEffect false when dimming ratio equals 1.
04-17 16:26:10.605  1960  2101 D RenderEngine: [DesktopMode of Task=360#742] set isRequiresLinearEffect false when dimming ratio equals 1.
04-17 16:26:10.629  1960  2101 D RenderEngine: [Task=360#733] set isRequiresLinearEffect false when dimming ratio equals 1.
04-17 16:26:10.629  1960  2101 D RenderEngine: [com.udake.app/com.udake.app.MainActivity#746] set isRequiresLinearEffect false when dimming ratio equals 1.
04-17 16:26:10.629  1960  2101 D RenderEngine: [Dim Layer for - Task=360#761] set isRequiresLinearEffect false when dimming ratio equals 1.
04-17 16:26:10.629  1960  2101 D RenderEngine: [com.udake.app/com.udake.app.MainActivity#759] set isRequiresLinearEffect false when dimming ratio equals 1.
04-17 16:26:10.629  1960  2101 D RenderEngine: [DesktopMode of Task=360#742] set isRequiresLinearEffect false when dimming ratio equals 1.
04-17 16:26:10.640  1960  2101 D RenderEngine: [Task=360#733] set isRequiresLinearEffect false when dimming ratio equals 1.
04-17 16:26:10.640  1960  2101 D RenderEngine: [com.udake.app/com.udake.app.MainActivity#746] set isRequiresLinearEffect false when dimming ratio equals 1.
04-17 16:26:10.640  1960  2101 D RenderEngine: [Dim Layer for - Task=360#761] set isRequiresLinearEffect false when dimming ratio equals 1.
04-17 16:26:10.640  1960  2101 D RenderEngine: [com.udake.app/com.udake.app.MainActivity#759] set isRequiresLinearEffect false when dimming ratio equals 1.
04-17 16:26:10.640  1960  2101 D RenderEngine: [DesktopMode of Task=360#742] set isRequiresLinearEffect false when dimming ratio equals 1.
04-17 16:26:10.654  1816  3404 I sensors-hal: handle_sns_std_sensor_event:140, ambient_light_event: ts=24828253544345, lux = 48, cct=31136, aod=17664
04-17 16:26:10.662  1960  2101 D RenderEngine: [Task=360#733] set isRequiresLinearEffect false when dimming ratio equals 1.
04-17 16:26:10.662  1960  2101 D RenderEngine: [com.udake.app/com.udake.app.MainActivity#746] set isRequiresLinearEffect false when dimming ratio equals 1.
04-17 16:26:10.662  1960  2101 D RenderEngine: [Dim Layer for - Task=360#761] set isRequiresLinearEffect false when dimming ratio equals 1.
04-17 16:26:10.662  1960  2101 D RenderEngine: [com.udake.app/com.udake.app.MainActivity#759] set isRequiresLinearEffect false when dimming ratio equals 1.
04-17 16:26:10.663  1960  2101 D RenderEngine: [DesktopMode of Task=360#742] set isRequiresLinearEffect false when dimming ratio equals 1.
04-17 16:26:10.673  1960  2101 D RenderEngine: [Task=360#733] set isRequiresLinearEffect false when dimming ratio equals 1.
04-17 16:26:10.673  1960  2101 D RenderEngine: [com.udake.app/com.udake.app.MainActivity#746] set isRequiresLinearEffect false when dimming ratio equals 1.
04-17 16:26:10.673  1960  2101 D RenderEngine: [Dim Layer for - Task=360#761] set isRequiresLinearEffect false when dimming ratio equals 1.
04-17 16:26:10.673  1960  2101 D RenderEngine: [com.udake.app/com.udake.app.MainActivity#759] set isRequiresLinearEffect false when dimming ratio equals 1.
04-17 16:26:10.673  1960  2101 D RenderEngine: [DesktopMode of Task=360#742] set isRequiresLinearEffect false when dimming ratio equals 1.
04-17 16:26:10.686  1866  1984 D vendor.honor.hardware.aoservice-service: [AO_SVC] (reopen_timer_handler:52):enter reopen handler
04-17 16:26:10.695  1960  2101 D RenderEngine: [Task=360#733] set isRequiresLinearEffect false when dimming ratio equals 1.
04-17 16:26:10.695  1960  2101 D RenderEngine: [com.udake.app/com.udake.app.MainActivity#746] set isRequiresLinearEffect false when dimming ratio equals 1.
04-17 16:26:10.696  1960  2101 D RenderEngine: [Dim Layer for - Task=360#761] set isRequiresLinearEffect false when dimming ratio equals 1.
04-17 16:26:10.696  1960  2101 D RenderEngine: [com.udake.app/com.udake.app.MainActivity#759] set isRequiresLinearEffect false when dimming ratio equals 1.
04-17 16:26:10.696  1960  2101 D RenderEngine: [DesktopMode of Task=360#742] set isRequiresLinearEffect false when dimming ratio equals 1.
04-17 16:26:10.717  1960  2101 D RenderEngine: [Task=360#733] set isRequiresLinearEffect false when dimming ratio equals 1.
04-17 16:26:10.717  1960  2101 D RenderEngine: [com.udake.app/com.udake.app.MainActivity#746] set isRequiresLinearEffect false when dimming ratio equals 1.
04-17 16:26:10.718  1960  2101 D RenderEngine: [Dim Layer for - Task=360#761] set isRequiresLinearEffect false when dimming ratio equals 1.
