04-17 16:26:10.718  1960  2101 D RenderEngine: [com.udake.app/com.udake.app.MainActivity#759] set isRequiresLinearEffect false when dimming ratio equals 1.
04-17 16:26:10.718  1960  2101 D RenderEngine: [DesktopMode of Task=360#742] set isRequiresLinearEffect false when dimming ratio equals 1.
04-17 16:26:10.728  1960  2101 D RenderEngine: [Task=360#733] set isRequiresLinearEffect false when dimming ratio equals 1.
04-17 16:26:10.728  1960  2101 D RenderEngine: [com.udake.app/com.udake.app.MainActivity#746] set isRequiresLinearEffect false when dimming ratio equals 1.
04-17 16:26:10.728  1960  2101 D RenderEngine: [Dim Layer for - Task=360#761] set isRequiresLinearEffect false when dimming ratio equals 1.
04-17 16:26:10.728  1960  2101 D RenderEngine: [com.udake.app/com.udake.app.MainActivity#759] set isRequiresLinearEffect false when dimming ratio equals 1.
04-17 16:26:10.728  1960  2101 D RenderEngine: [DesktopMode of Task=360#742] set isRequiresLinearEffect false when dimming ratio equals 1.
04-17 16:26:10.738  1960  2101 D RenderEngine: [Task=360#733] set isRequiresLinearEffect false when dimming ratio equals 1.
04-17 16:26:10.738  1960  2101 D RenderEngine: [com.udake.app/com.udake.app.MainActivity#746] set isRequiresLinearEffect false when dimming ratio equals 1.
04-17 16:26:10.739  1960  2101 D RenderEngine: [Dim Layer for - Task=360#761] set isRequiresLinearEffect false when dimming ratio equals 1.
04-17 16:26:10.739  1960  2101 D RenderEngine: [com.udake.app/com.udake.app.MainActivity#759] set isRequiresLinearEffect false when dimming ratio equals 1.
04-17 16:26:10.739  1960  2101 D RenderEngine: [DesktopMode of Task=360#742] set isRequiresLinearEffect false when dimming ratio equals 1.
04-17 16:26:10.762  1960  2101 D RenderEngine: [Task=360#733] set isRequiresLinearEffect false when dimming ratio equals 1.
04-17 16:26:10.762  1960  2101 D RenderEngine: [com.udake.app/com.udake.app.MainActivity#746] set isRequiresLinearEffect false when dimming ratio equals 1.
04-17 16:26:10.762  1960  2101 D RenderEngine: [Dim Layer for - Task=360#761] set isRequiresLinearEffect false when dimming ratio equals 1.
04-17 16:26:10.762  1960  2101 D RenderEngine: [com.udake.app/com.udake.app.MainActivity#759] set isRequiresLinearEffect false when dimming ratio equals 1.
04-17 16:26:10.762  1960  2101 D RenderEngine: [DesktopMode of Task=360#742] set isRequiresLinearEffect false when dimming ratio equals 1.
04-17 16:26:10.773  1960  2101 D RenderEngine: [Task=360#733] set isRequiresLinearEffect false when dimming ratio equals 1.
04-17 16:26:10.773  1960  2101 D RenderEngine: [com.udake.app/com.udake.app.MainActivity#746] set isRequiresLinearEffect false when dimming ratio equals 1.
04-17 16:26:10.773  1960  2101 D RenderEngine: [Dim Layer for - Task=360#761] set isRequiresLinearEffect false when dimming ratio equals 1.
04-17 16:26:10.773  1960  2101 D RenderEngine: [com.udake.app/com.udake.app.MainActivity#759] set isRequiresLinearEffect false when dimming ratio equals 1.
04-17 16:26:10.773  1960  2101 D RenderEngine: [DesktopMode of Task=360#742] set isRequiresLinearEffect false when dimming ratio equals 1.
04-17 16:26:10.795  1960  2101 D RenderEngine: [Task=360#733] set isRequiresLinearEffect false when dimming ratio equals 1.
04-17 16:26:10.795  1960  2101 D RenderEngine: [com.udake.app/com.udake.app.MainActivity#746] set isRequiresLinearEffect false when dimming ratio equals 1.
04-17 16:26:10.795  1960  2101 D RenderEngine: [Dim Layer for - Task=360#761] set isRequiresLinearEffect false when dimming ratio equals 1.
04-17 16:26:10.795  1960  2101 D RenderEngine: [com.udake.app/com.udake.app.MainActivity#759] set isRequiresLinearEffect false when dimming ratio equals 1.
04-17 16:26:10.795  1960  2101 D RenderEngine: [DesktopMode of Task=360#742] set isRequiresLinearEffect false when dimming ratio equals 1.
04-17 16:26:10.805  1960  2101 D RenderEngine: [Task=360#733] set isRequiresLinearEffect false when dimming ratio equals 1.
04-17 16:26:10.806  1960  2101 D RenderEngine: [com.udake.app/com.udake.app.MainActivity#746] set isRequiresLinearEffect false when dimming ratio equals 1.
04-17 16:26:10.806  1960  2101 D RenderEngine: [Dim Layer for - Task=360#761] set isRequiresLinearEffect false when dimming ratio equals 1.
04-17 16:26:10.806  1960  2101 D RenderEngine: [com.udake.app/com.udake.app.MainActivity#759] set isRequiresLinearEffect false when dimming ratio equals 1.
04-17 16:26:10.806  1960  2101 D RenderEngine: [DesktopMode of Task=360#742] set isRequiresLinearEffect false when dimming ratio equals 1.
04-17 16:26:10.818  1816  3404 I sensors-hal: handle_sns_std_sensor_event:140, ambient_light_event: ts=24828419649137, lux = 48, cct=31136, aod=17664
04-17 16:26:10.828  1960  2101 D RenderEngine: [Task=360#733] set isRequiresLinearEffect false when dimming ratio equals 1.
04-17 16:26:10.828  1960  2101 D RenderEngine: [com.udake.app/com.udake.app.MainActivity#746] set isRequiresLinearEffect false when dimming ratio equals 1.
04-17 16:26:10.828  1960  2101 D RenderEngine: [Dim Layer for - Task=360#761] set isRequiresLinearEffect false when dimming ratio equals 1.
04-17 16:26:10.828  1960  2101 D RenderEngine: [com.udake.app/com.udake.app.MainActivity#759] set isRequiresLinearEffect false when dimming ratio equals 1.
04-17 16:26:10.828  1960  2101 D RenderEngine: [DesktopMode of Task=360#742] set isRequiresLinearEffect false when dimming ratio equals 1.
04-17 16:26:10.839  1960  2101 D RenderEngine: [Task=360#733] set isRequiresLinearEffect false when dimming ratio equals 1.
04-17 16:26:10.839  1960  2101 D RenderEngine: [com.udake.app/com.udake.app.MainActivity#746] set isRequiresLinearEffect false when dimming ratio equals 1.
04-17 16:26:10.839  1960  2101 D RenderEngine: [Dim Layer for - Task=360#761] set isRequiresLinearEffect false when dimming ratio equals 1.
04-17 16:26:10.839  1960  2101 D RenderEngine: [com.udake.app/com.udake.app.MainActivity#759] set isRequiresLinearEffect false when dimming ratio equals 1.
04-17 16:26:10.839  1960  2101 D RenderEngine: [DesktopMode of Task=360#742] set isRequiresLinearEffect false when dimming ratio equals 1.
04-17 16:26:10.846  2720  2797 W Watchdog: waitState=[0] waitedHalf=[false]
04-17 16:26:10.846  2720  2797 W Watchdog: watchdogKick kickCounter=[150]
04-17 16:26:10.847  2720  2797 I AES     : hangdetect userpet kick to kernel
04-17 16:26:10.847  2720  2788 I InputReader: monitor lock
04-17 16:26:10.847  2720  2788 I EventHub: wake() called
04-17 16:26:10.849  2720  2788 I EventHub: monitor lock
04-17 16:26:10.862  1960  2101 D RenderEngine: [Task=360#733] set isRequiresLinearEffect false when dimming ratio equals 1.
04-17 16:26:10.862  1960  2101 D RenderEngine: [com.udake.app/com.udake.app.MainActivity#746] set isRequiresLinearEffect false when dimming ratio equals 1.
04-17 16:26:10.862  1960  2101 D RenderEngine: [Dim Layer for - Task=360#761] set isRequiresLinearEffect false when dimming ratio equals 1.
04-17 16:26:10.862  1960  2101 D RenderEngine: [com.udake.app/com.udake.app.MainActivity#759] set isRequiresLinearEffect false when dimming ratio equals 1.
04-17 16:26:10.862  1960  2101 D RenderEngine: [DesktopMode of Task=360#742] set isRequiresLinearEffect false when dimming ratio equals 1.
04-17 16:26:10.864  1960  2102 I BackgroundExecutor: [FrameScheduler] set thread[2101]'s frequency to [13 668]
04-17 16:26:10.872  1960  2101 D RenderEngine: [Task=360#733] set isRequiresLinearEffect false when dimming ratio equals 1.
04-17 16:26:10.872  1960  2101 D RenderEngine: [com.udake.app/com.udake.app.MainActivity#746] set isRequiresLinearEffect false when dimming ratio equals 1.
04-17 16:26:10.872  1960  2101 D RenderEngine: [Dim Layer for - Task=360#761] set isRequiresLinearEffect false when dimming ratio equals 1.
04-17 16:26:10.872  1960  2101 D RenderEngine: [com.udake.app/com.udake.app.MainActivity#759] set isRequiresLinearEffect false when dimming ratio equals 1.
04-17 16:26:10.872  1960  2101 D RenderEngine: [DesktopMode of Task=360#742] set isRequiresLinearEffect false when dimming ratio equals 1.
04-17 16:26:10.873  1960  2102 I BackgroundExecutor: [FrameScheduler] set thread[2101]'s frequency to [6 414]
04-17 16:26:10.895  1960  2101 D RenderEngine: [Task=360#733] set isRequiresLinearEffect false when dimming ratio equals 1.
04-17 16:26:10.895  1960  2101 D RenderEngine: [com.udake.app/com.udake.app.MainActivity#746] set isRequiresLinearEffect false when dimming ratio equals 1.
04-17 16:26:10.895  1960  2101 D RenderEngine: [Dim Layer for - Task=360#761] set isRequiresLinearEffect false when dimming ratio equals 1.
04-17 16:26:10.895  1960  2101 D RenderEngine: [com.udake.app/com.udake.app.MainActivity#759] set isRequiresLinearEffect false when dimming ratio equals 1.
04-17 16:26:10.895  1960  2101 D RenderEngine: [DesktopMode of Task=360#742] set isRequiresLinearEffect false when dimming ratio equals 1.
04-17 16:26:10.896  1960  2102 I BackgroundExecutor: [FrameScheduler] set thread[2101]'s frequency to [3 303]
04-17 16:26:10.905  1960  2101 D RenderEngine: [Task=360#733] set isRequiresLinearEffect false when dimming ratio equals 1.
04-17 16:26:10.905  1960  2101 D RenderEngine: [com.udake.app/com.udake.app.MainActivity#746] set isRequiresLinearEffect false when dimming ratio equals 1.
04-17 16:26:10.905  1960  2101 D RenderEngine: [Dim Layer for - Task=360#761] set isRequiresLinearEffect false when dimming ratio equals 1.
04-17 16:26:10.905  1960  2101 D RenderEngine: [com.udake.app/com.udake.app.MainActivity#759] set isRequiresLinearEffect false when dimming ratio equals 1.
04-17 16:26:10.905  1960  2101 D RenderEngine: [DesktopMode of Task=360#742] set isRequiresLinearEffect false when dimming ratio equals 1.
04-17 16:26:10.906  1960  2102 I BackgroundExecutor: [FrameScheduler] set thread[2101]'s frequency to [1 204]
04-17 16:26:10.916  2315  8968 W TraceLog: onReleaseOutputBuffer(c2.qti.avc.decoder:0xb400007277507380) Queued: 59.9/s Done: 60.9/s Rendered: 60.9/s Discarded: 0.0/s
04-17 16:26:10.928  1960  2101 D RenderEngine: [Task=360#733] set isRequiresLinearEffect false when dimming ratio equals 1.
04-17 16:26:10.928  1960  2101 D RenderEngine: [com.udake.app/com.udake.app.MainActivity#746] set isRequiresLinearEffect false when dimming ratio equals 1.
04-17 16:26:10.928  1960  2101 D RenderEngine: [Dim Layer for - Task=360#761] set isRequiresLinearEffect false when dimming ratio equals 1.
04-17 16:26:10.928  1960  2101 D RenderEngine: [com.udake.app/com.udake.app.MainActivity#759] set isRequiresLinearEffect false when dimming ratio equals 1.
04-17 16:26:10.928  1960  2101 D RenderEngine: [DesktopMode of Task=360#742] set isRequiresLinearEffect false when dimming ratio equals 1.
04-17 16:26:10.929  1960  2102 I BackgroundExecutor: [FrameScheduler] set thread[2101]'s frequency to [0 0]
04-17 16:26:10.938  1960  2101 D RenderEngine: [Task=360#733] set isRequiresLinearEffect false when dimming ratio equals 1.
04-17 16:26:10.938  1960  2101 D RenderEngine: [com.udake.app/com.udake.app.MainActivity#746] set isRequiresLinearEffect false when dimming ratio equals 1.
04-17 16:26:10.939  1960  2101 D RenderEngine: [Dim Layer for - Task=360#761] set isRequiresLinearEffect false when dimming ratio equals 1.
04-17 16:26:10.939  1960  2101 D RenderEngine: [com.udake.app/com.udake.app.MainActivity#759] set isRequiresLinearEffect false when dimming ratio equals 1.
04-17 16:26:10.939  1960  2101 D RenderEngine: [DesktopMode of Task=360#742] set isRequiresLinearEffect false when dimming ratio equals 1.
04-17 16:26:10.961  1960  2101 D RenderEngine: [Task=360#733] set isRequiresLinearEffect false when dimming ratio equals 1.
04-17 16:26:10.962  1960  2101 D RenderEngine: [com.udake.app/com.udake.app.MainActivity#746] set isRequiresLinearEffect false when dimming ratio equals 1.
04-17 16:26:10.962  1960  2101 D RenderEngine: [Dim Layer for - Task=360#761] set isRequiresLinearEffect false when dimming ratio equals 1.
04-17 16:26:10.962  1960  2101 D RenderEngine: [com.udake.app/com.udake.app.MainActivity#759] set isRequiresLinearEffect false when dimming ratio equals 1.
04-17 16:26:10.962  1960  2101 D RenderEngine: [DesktopMode of Task=360#742] set isRequiresLinearEffect false when dimming ratio equals 1.
04-17 16:26:10.973  1960  2101 D RenderEngine: [Task=360#733] set isRequiresLinearEffect false when dimming ratio equals 1.
04-17 16:26:10.973  1960  2101 D RenderEngine: [com.udake.app/com.udake.app.MainActivity#746] set isRequiresLinearEffect false when dimming ratio equals 1.
04-17 16:26:10.973  1960  2101 D RenderEngine: [Dim Layer for - Task=360#761] set isRequiresLinearEffect false when dimming ratio equals 1.
04-17 16:26:10.973  1960  2101 D RenderEngine: [com.udake.app/com.udake.app.MainActivity#759] set isRequiresLinearEffect false when dimming ratio equals 1.
04-17 16:26:10.973  1960  2101 D RenderEngine: [DesktopMode of Task=360#742] set isRequiresLinearEffect false when dimming ratio equals 1.
04-17 16:26:10.986  1816  3404 I sensors-hal: handle_sns_std_sensor_event:140, ambient_light_event: ts=24828585550803, lux = 49, cct=31264, aod=17760
04-17 16:26:10.994  1960  2101 D RenderEngine: [Task=360#733] set isRequiresLinearEffect false when dimming ratio equals 1.
04-17 16:26:10.995  1960  2101 D RenderEngine: [com.udake.app/com.udake.app.MainActivity#746] set isRequiresLinearEffect false when dimming ratio equals 1.
04-17 16:26:10.995  1960  2101 D RenderEngine: [Dim Layer for - Task=360#761] set isRequiresLinearEffect false when dimming ratio equals 1.
04-17 16:26:10.995  1960  2101 D RenderEngine: [com.udake.app/com.udake.app.MainActivity#759] set isRequiresLinearEffect false when dimming ratio equals 1.
04-17 16:26:10.995  1960  2101 D RenderEngine: [DesktopMode of Task=360#742] set isRequiresLinearEffect false when dimming ratio equals 1.
04-17 16:26:11.017  1960  2101 D RenderEngine: [Task=360#733] set isRequiresLinearEffect false when dimming ratio equals 1.
04-17 16:26:11.017  1960  2101 D RenderEngine: [com.udake.app/com.udake.app.MainActivity#746] set isRequiresLinearEffect false when dimming ratio equals 1.
04-17 16:26:11.017  1960  2101 D RenderEngine: [Dim Layer for - Task=360#761] set isRequiresLinearEffect false when dimming ratio equals 1.
04-17 16:26:11.017  1960  2101 D RenderEngine: [com.udake.app/com.udake.app.MainActivity#759] set isRequiresLinearEffect false when dimming ratio equals 1.
04-17 16:26:11.017  1960  2101 D RenderEngine: [DesktopMode of Task=360#742] set isRequiresLinearEffect false when dimming ratio equals 1.
04-17 16:26:11.027  1960  2101 D RenderEngine: [Task=360#733] set isRequiresLinearEffect false when dimming ratio equals 1.
04-17 16:26:11.027  1960  2101 D RenderEngine: [com.udake.app/com.udake.app.MainActivity#746] set isRequiresLinearEffect false when dimming ratio equals 1.
04-17 16:26:11.027  1960  2101 D RenderEngine: [Dim Layer for - Task=360#761] set isRequiresLinearEffect false when dimming ratio equals 1.
04-17 16:26:11.027  1960  2101 D RenderEngine: [com.udake.app/com.udake.app.MainActivity#759] set isRequiresLinearEffect false when dimming ratio equals 1.
04-17 16:26:11.027  1960  2101 D RenderEngine: [DesktopMode of Task=360#742] set isRequiresLinearEffect false when dimming ratio equals 1.
04-17 16:26:11.050  1960  2101 D RenderEngine: [Task=360#733] set isRequiresLinearEffect false when dimming ratio equals 1.
04-17 16:26:11.050  1960  2101 D RenderEngine: [com.udake.app/com.udake.app.MainActivity#746] set isRequiresLinearEffect false when dimming ratio equals 1.
04-17 16:26:11.050  1960  2101 D RenderEngine: [Dim Layer for - Task=360#761] set isRequiresLinearEffect false when dimming ratio equals 1.
04-17 16:26:11.050  1960  2101 D RenderEngine: [com.udake.app/com.udake.app.MainActivity#759] set isRequiresLinearEffect false when dimming ratio equals 1.
04-17 16:26:11.051  1960  2101 D RenderEngine: [DesktopMode of Task=360#742] set isRequiresLinearEffect false when dimming ratio equals 1.
04-17 16:26:11.061  1960  2101 D RenderEngine: [Task=360#733] set isRequiresLinearEffect false when dimming ratio equals 1.
04-17 16:26:11.061  1960  2101 D RenderEngine: [com.udake.app/com.udake.app.MainActivity#746] set isRequiresLinearEffect false when dimming ratio equals 1.
04-17 16:26:11.061  1960  2101 D RenderEngine: [Dim Layer for - Task=360#761] set isRequiresLinearEffect false when dimming ratio equals 1.
04-17 16:26:11.061  1960  2101 D RenderEngine: [com.udake.app/com.udake.app.MainActivity#759] set isRequiresLinearEffect false when dimming ratio equals 1.
04-17 16:26:11.061  1960  2101 D RenderEngine: [DesktopMode of Task=360#742] set isRequiresLinearEffect false when dimming ratio equals 1.
04-17 16:26:11.072  1960  2101 D RenderEngine: [Task=360#733] set isRequiresLinearEffect false when dimming ratio equals 1.
04-17 16:26:11.072  1960  2101 D RenderEngine: [com.udake.app/com.udake.app.MainActivity#746] set isRequiresLinearEffect false when dimming ratio equals 1.
04-17 16:26:11.072  1960  2101 D RenderEngine: [Dim Layer for - Task=360#761] set isRequiresLinearEffect false when dimming ratio equals 1.
04-17 16:26:11.072  1960  2101 D RenderEngine: [com.udake.app/com.udake.app.MainActivity#759] set isRequiresLinearEffect false when dimming ratio equals 1.
04-17 16:26:11.072  1960  2101 D RenderEngine: [DesktopMode of Task=360#742] set isRequiresLinearEffect false when dimming ratio equals 1.
04-17 16:26:11.094  1960  2101 D RenderEngine: [Task=360#733] set isRequiresLinearEffect false when dimming ratio equals 1.
04-17 16:26:11.094  1960  2101 D RenderEngine: [com.udake.app/com.udake.app.MainActivity#746] set isRequiresLinearEffect false when dimming ratio equals 1.
04-17 16:26:11.094  1960  2101 D RenderEngine: [Dim Layer for - Task=360#761] set isRequiresLinearEffect false when dimming ratio equals 1.
04-17 16:26:11.094  1960  2101 D RenderEngine: [com.udake.app/com.udake.app.MainActivity#759] set isRequiresLinearEffect false when dimming ratio equals 1.
04-17 16:26:11.095  1960  2101 D RenderEngine: [DesktopMode of Task=360#742] set isRequiresLinearEffect false when dimming ratio equals 1.
04-17 16:26:11.105  1960  2101 D RenderEngine: [Task=360#733] set isRequiresLinearEffect false when dimming ratio equals 1.
04-17 16:26:11.105  1960  2101 D RenderEngine: [com.udake.app/com.udake.app.MainActivity#746] set isRequiresLinearEffect false when dimming ratio equals 1.
04-17 16:26:11.105  1960  2101 D RenderEngine: [Dim Layer for - Task=360#761] set isRequiresLinearEffect false when dimming ratio equals 1.
04-17 16:26:11.105  1960  2101 D RenderEngine: [com.udake.app/com.udake.app.MainActivity#759] set isRequiresLinearEffect false when dimming ratio equals 1.
04-17 16:26:11.106  1960  2101 D RenderEngine: [DesktopMode of Task=360#742] set isRequiresLinearEffect false when dimming ratio equals 1.
04-17 16:26:11.127  1960  2101 D RenderEngine: [Task=360#733] set isRequiresLinearEffect false when dimming ratio equals 1.
04-17 16:26:11.127  1960  2101 D RenderEngine: [com.udake.app/com.udake.app.MainActivity#746] set isRequiresLinearEffect false when dimming ratio equals 1.
04-17 16:26:11.128  1960  2101 D RenderEngine: [Dim Layer for - Task=360#761] set isRequiresLinearEffect false when dimming ratio equals 1.
04-17 16:26:11.128  1960  2101 D RenderEngine: [com.udake.app/com.udake.app.MainActivity#759] set isRequiresLinearEffect false when dimming ratio equals 1.
04-17 16:26:11.128  1960  2101 D RenderEngine: [DesktopMode of Task=360#742] set isRequiresLinearEffect false when dimming ratio equals 1.
04-17 16:26:11.138  1960  2101 D RenderEngine: [Task=360#733] set isRequiresLinearEffect false when dimming ratio equals 1.
04-17 16:26:11.138  1960  2101 D RenderEngine: [com.udake.app/com.udake.app.MainActivity#746] set isRequiresLinearEffect false when dimming ratio equals 1.
04-17 16:26:11.138  1960  2101 D RenderEngine: [Dim Layer for - Task=360#761] set isRequiresLinearEffect false when dimming ratio equals 1.
04-17 16:26:11.138  1960  2101 D RenderEngine: [com.udake.app/com.udake.app.MainActivity#759] set isRequiresLinearEffect false when dimming ratio equals 1.
04-17 16:26:11.138  1960  2101 D RenderEngine: [DesktopMode of Task=360#742] set isRequiresLinearEffect false when dimming ratio equals 1.
04-17 16:26:11.150  1816  3404 I sensors-hal: handle_sns_std_sensor_event:140, ambient_light_event: ts=24828751545699, lux = 49, cct=31264, aod=17760
04-17 16:26:11.161  1960  2101 D RenderEngine: [Task=360#733] set isRequiresLinearEffect false when dimming ratio equals 1.
04-17 16:26:11.161  1960  2101 D RenderEngine: [com.udake.app/com.udake.app.MainActivity#746] set isRequiresLinearEffect false when dimming ratio equals 1.
04-17 16:26:11.161  1960  2101 D RenderEngine: [Dim Layer for - Task=360#761] set isRequiresLinearEffect false when dimming ratio equals 1.
04-17 16:26:11.161  1960  2101 D RenderEngine: [com.udake.app/com.udake.app.MainActivity#759] set isRequiresLinearEffect false when dimming ratio equals 1.
04-17 16:26:11.161  1960  2101 D RenderEngine: [DesktopMode of Task=360#742] set isRequiresLinearEffect false when dimming ratio equals 1.
04-17 16:26:11.171  1960  2101 D RenderEngine: [Task=360#733] set isRequiresLinearEffect false when dimming ratio equals 1.
04-17 16:26:11.171  1960  2101 D RenderEngine: [com.udake.app/com.udake.app.MainActivity#746] set isRequiresLinearEffect false when dimming ratio equals 1.
04-17 16:26:11.171  1960  2101 D RenderEngine: [Dim Layer for - Task=360#761] set isRequiresLinearEffect false when dimming ratio equals 1.
04-17 16:26:11.171  1960  2101 D RenderEngine: [com.udake.app/com.udake.app.MainActivity#759] set isRequiresLinearEffect false when dimming ratio equals 1.
04-17 16:26:11.172  1960  2101 D RenderEngine: [DesktopMode of Task=360#742] set isRequiresLinearEffect false when dimming ratio equals 1.
04-17 16:26:11.187  1866  1984 D vendor.honor.hardware.aoservice-service: [AO_SVC] (reopen_timer_handler:52):enter reopen handler
04-17 16:26:11.194  1960  2101 D RenderEngine: [Task=360#733] set isRequiresLinearEffect false when dimming ratio equals 1.
04-17 16:26:11.194  1960  2101 D RenderEngine: [com.udake.app/com.udake.app.MainActivity#746] set isRequiresLinearEffect false when dimming ratio equals 1.
04-17 16:26:11.194  1960  2101 D RenderEngine: [Dim Layer for - Task=360#761] set isRequiresLinearEffect false when dimming ratio equals 1.
04-17 16:26:11.194  1960  2101 D RenderEngine: [com.udake.app/com.udake.app.MainActivity#759] set isRequiresLinearEffect false when dimming ratio equals 1.
04-17 16:26:11.194  1960  2101 D RenderEngine: [DesktopMode of Task=360#742] set isRequiresLinearEffect false when dimming ratio equals 1.
04-17 16:26:11.206  1960  2101 D RenderEngine: [Task=360#733] set isRequiresLinearEffect false when dimming ratio equals 1.
04-17 16:26:11.206  1960  2101 D RenderEngine: [com.udake.app/com.udake.app.MainActivity#746] set isRequiresLinearEffect false when dimming ratio equals 1.
04-17 16:26:11.206  1960  2101 D RenderEngine: [Dim Layer for - Task=360#761] set isRequiresLinearEffect false when dimming ratio equals 1.
04-17 16:26:11.206  1960  2101 D RenderEngine: [com.udake.app/com.udake.app.MainActivity#759] set isRequiresLinearEffect false when dimming ratio equals 1.
04-17 16:26:11.206  1960  2101 D RenderEngine: [DesktopMode of Task=360#742] set isRequiresLinearEffect false when dimming ratio equals 1.
04-17 16:26:11.210  6983  7180 V MSF.C.MSFCore[@PS]: [Event] MSFPacketStatistics.cpp(300)::DoCheckRequestTimeout->current rtts:98.142
04-17 16:26:11.225  3762  4252 D TransportToLinkCommunication: getLinkLayerVersion module = 0
04-17 16:26:11.226  3762  4252 E TransportLayerUtils: performQueryWithTimeout exception = java.util.concurrent.ExecutionException: java.lang.ArrayIndexOutOfBoundsException: length=0; index=0, caller = getLinkLayerVersion, timeout = 1, EXECUTOR  = java.util.concurrent.ThreadPoolExecutor@6d9df10[Running, pool size = 1, active threads = 0, queued tasks = 0, completed tasks = 6138]
04-17 16:26:11.226  3762  4252 D Booster_OllieChrManager: sendDataToChrApk msdId: 30
04-17 16:26:11.226  3762  4252 I Booster_OllieChrManager: ChrService is null
04-17 16:26:11.227  3762  4252 D TransportToLinkCommunication: getLinkLayerVersion module = 0
04-17 16:26:11.227  3762  4252 E TransportLayerUtils: performQueryWithTimeout exception = java.util.concurrent.ExecutionException: java.lang.ArrayIndexOutOfBoundsException: length=0; index=0, caller = getLinkLayerVersion, timeout = 1, EXECUTOR  = java.util.concurrent.ThreadPoolExecutor@6d9df10[Running, pool size = 1, active threads = 0, queued tasks = 0, completed tasks = 6139]
04-17 16:26:11.227  3762  4252 D Booster_OllieChrManager: sendDataToChrApk msdId: 30
04-17 16:26:11.227  1960  2101 D RenderEngine: [Task=360#733] set isRequiresLinearEffect false when dimming ratio equals 1.
04-17 16:26:11.227  3762  4252 I Booster_OllieChrManager: ChrService is null
04-17 16:26:11.228  3762  4252 D TransportToLinkCommunication: getLinkLayerVersion module = 1
04-17 16:26:11.228  1960  2101 D RenderEngine: [com.udake.app/com.udake.app.MainActivity#746] set isRequiresLinearEffect false when dimming ratio equals 1.
04-17 16:26:11.228  3762  4252 D TransportToLinkCommunication: getLinkLayerVersion module = 1
04-17 16:26:11.228  1960  2101 D RenderEngine: [Dim Layer for - Task=360#761] set isRequiresLinearEffect false when dimming ratio equals 1.
04-17 16:26:11.228  1960  2101 D RenderEngine: [com.udake.app/com.udake.app.MainActivity#759] set isRequiresLinearEffect false when dimming ratio equals 1.
04-17 16:26:11.228  1960  2101 D RenderEngine: [DesktopMode of Task=360#742] set isRequiresLinearEffect false when dimming ratio equals 1.
04-17 16:26:11.228  3762  4253 D Advanced_Booster_Qoe: channel Index:6
04-17 16:26:11.229  3762  4253 D Calculate_Wifi_Bandwidth: SmoothWifiChannelParameters, alpha is: 0.500000.
04-17 16:26:11.229  3762  4253 D Calculate_Wifi_Bandwidth: SmoothWifiChannelParameters, smoothed data, chload: 11, rssi: -43, phyRxRate: 10806 100kbps, phyTxRate: 9606 100kbps.
04-17 16:26:11.229  3762  4253 D Calculate_Wifi_Bandwidth: GetThroughputByLinearInter, left index is: 2, current rssi is: -43 dBm, higher rssi is: -40 dBm, lower rssi is: -45 dBm!
04-17 16:26:11.229  3762  4253 D Calculate_Wifi_Bandwidth: CalcChannelBandwidthByTable, isDownLink: 1, rateInTable: 673.601990 Mbps, calculated result: 6661.923828 100kbps.
04-17 16:26:11.229  3762  4253 D Calculate_Wifi_Bandwidth: GetThroughputByLinearInter, left index is: 2, current rssi is: -43 dBm, higher rssi is: -40 dBm, lower rssi is: -45 dBm!
04-17 16:26:11.229  3762  4253 D Calculate_Wifi_Bandwidth: CalcChannelBandwidthByTable, isDownLink: 0, rateInTable: 634.069946 Mbps, calculated result: 6270.952148 100kbps.
04-17 16:26:11.229  3762  4253 I Advanced_Booster_Qoe: AdaBoostPredict,index:6,NisPsSlow:0,NProba:350,rsrp(rssi):-44,rsrq(noise):-96,rtt(chload):0,buffhigh(uldelay):0,buffcomm(rtt):0
04-17 16:26:11.229  3762  4253 D Advanced_Booster_Qoe: DetectLinkBandwidthLvlLow switch off.
04-17 16:26:11.229  3762  4253 D Advanced_Booster_Qoe: DetectLinkUlDelayLvlLow switch off.
04-17 16:26:11.230  3762  4253 D Advanced_Booster_Qoe: channel Index:2
04-17 16:26:11.230  3762  4253 D Calculate_Wifi_Bandwidth: SmoothWifiChannelParameters, alpha is: 0.500000.
04-17 16:26:11.230  3762  4253 D Calculate_Wifi_Bandwidth: SmoothWifiChannelParameters, smoothed data, chload: 5, rssi: -43, phyRxRate: 10806 100kbps, phyTxRate: 9606 100kbps.
04-17 16:26:11.230  3762  4253 D Calculate_Wifi_Bandwidth: GetThroughputByLinearInter, left index is: 2, current rssi is: -43 dBm, higher rssi is: -40 dBm, lower rssi is: -45 dBm!
04-17 16:26:11.230  3762  4253 D Calculate_Wifi_Bandwidth: CalcChannelBandwidthByTable, isDownLink: 1, rateInTable: 673.601990 Mbps, calculated result: 6702.339844 100kbps.
04-17 16:26:11.230  3762  4253 D Calculate_Wifi_Bandwidth: GetThroughputByLinearInter, left index is: 2, current rssi is: -43 dBm, higher rssi is: -40 dBm, lower rssi is: -45 dBm!
04-17 16:26:11.230  3762  4047 I ChannelQoeData: dumpChannelData: ModelBaseInfo:0,10257,512,1,-1,-1,-1,-1,-1,-1,-1,-1,-1,-1,-1,-1,0,0,1,0,0,1,0,0,0,0 DnsInfo:0,0,0 WifiId:0 WifiInfo:2,1,0,0,9607,10806,0,0,0,2,-44,-96,50,0,0,2,2,255 AppUid:1051 ChannelId:2 TcpData:0,0,0,0,0,0,0,0,0,0,0,0,0,0,0,0,0,0,0 AppUid:999 ChannelId:2 TcpData:0,0,0,0,0,0,0,0,0,0,0,0,0,0,0,0,0,0,0 AppUid:0 ChannelId:2 TcpData:0,0,0,0,0,0,0,0,0,0,0,0,0,0,0,0,0,0,0 AppUid:10257 ChannelId:2 TcpData:0,0,0,0,0,0,0,0,0,0,0,0,0,0,0,0,0,0,0
04-17 16:26:11.230  3762  4253 D Calculate_Wifi_Bandwidth: CalcChannelBandwidthByTable, isDownLink: 0, rateInTable: 634.069946 Mbps, calculated result: 6308.996094 100kbps.
04-17 16:26:11.230  3762  4253 I Advanced_Booster_Qoe: AdaBoostPredict,index:2,NisPsSlow:0,NProba:350,rsrp(rssi):-44,rsrq(noise):-96,rtt(chload):0,buffhigh(uldelay):0,buffcomm(rtt):0
04-17 16:26:11.230  3762  4253 D Advanced_Booster_Qoe: DetectLinkBandwidthLvlLow switch off.
04-17 16:26:11.230  3762  4253 D Advanced_Booster_Qoe: DetectLinkUlDelayLvlLow switch off.
04-17 16:26:11.231  3762  4253 I Advanced_Booster_Qoe: AdvancedQoeInfo: 10257,4,0,350,1,2,4,0,350,960700,1080600,10,10,0,0,0,0,0,2,0,0,-44; subReason: 0,0,0,0,0,0,0,0,1,2,0,0,0,0,0,0,0,0; detectedRules: 0,0,0,0,1,2,0,0,0,0
04-17 16:26:11.231  3762  4047 D NetworkQoeRca: appQoeInfo set faultType: 0
04-17 16:26:11.232  3762  4047 D NetworkQoeRca: appQoeInfo set faultDomain: 0
04-17 16:26:11.233  3762  4045 I Booster_OllieObserver: notify registrants event: EVENT_QOE_INFO_CHANGED
04-17 16:26:11.234  3762  4047 D Linkturbo_NetworkQoeManager: getChannelQuality: {"channelId":0,"qoeLevel":4,"reason":0}
04-17 16:26:11.235  3762  4047 I Linkturbo_EmcomUtils: multipathPolicy is null
04-17 16:26:11.235  3762  4047 D Linkturbo_PolicyCenter: update rssi from qoe
04-17 16:26:11.235  3762  4047 I NetworkQoeMonitor: dataQualityReport:10257,4,0,350,1,2,4,0,350,960700,1080600,10,10,0,0,0,0,0,2,-1,-1,-44; channelQos: 1,2,7,7,7,0,0,0; subReason: 0,0,0,0,0,0,0,0,1,2,0,0,0,0,0,0,0,0; appDetectedRules: 0,0,0,0; flowQuality: 10257,2,-1,-1,-1; faultType: 0; faultDomain: 0; appQoe confidence: -1
04-17 16:26:11.236  3762  4047 D UserSceneNetworkSpeedStats: handleQoeInfoChanged, uid: 10257, qoeSpeedRecordNum: 1025, RX: 0 kbps, TX: 0 kbps
04-17 16:26:11.236  3762  4047 I DataDecisionManager: monitorDataFaultRecovery, data fault recovery reset all param
04-17 16:26:11.237  3762  4047 D DataDecisionManager: updateDataFaultPhenomenon dataFaultPhenomenon: 0
04-17 16:26:11.237  3762  4047 D DataDecisionManager: isNeedNotifyDualCardHSRFenceFault return false, it isn't HSR fence fault Phenomenon
04-17 16:26:11.237  3762  4047 E SmartDualCardUtils: isActiveSlotId error, invalid slotId
04-17 16:26:11.237  3762  4047 D DataDecisionManager: isNeedNotifyLinkLayerFault return false,  the fault type and the channelId are not change
04-17 16:26:11.237  3762  4047 D DataDecisionManager: isNeedNotifyTransportLayerFault return false, the default network link isn't cellular
04-17 16:26:11.237  3762  4047 E SmartDualCardUtils: isActiveSlotId error, invalid slotId
04-17 16:26:11.238  1960  2101 D RenderEngine: [Task=360#733] set isRequiresLinearEffect false when dimming ratio equals 1.
04-17 16:26:11.238  1960  2101 D RenderEngine: [com.udake.app/com.udake.app.MainActivity#746] set isRequiresLinearEffect false when dimming ratio equals 1.
04-17 16:26:11.238  1960  2101 D RenderEngine: [Dim Layer for - Task=360#761] set isRequiresLinearEffect false when dimming ratio equals 1.
04-17 16:26:11.238  1960  2101 D RenderEngine: [com.udake.app/com.udake.app.MainActivity#759] set isRequiresLinearEffect false when dimming ratio equals 1.
04-17 16:26:11.238  1960  2101 D RenderEngine: [DesktopMode of Task=360#742] set isRequiresLinearEffect false when dimming ratio equals 1.
04-17 16:26:11.237  3762  4047 D DataDecisionManager: handleSmartDualCardFaultTypeNotify exit, because high speed rail fence is active or default network link isn't Cellular
04-17 16:26:11.238  2720  3346 I NetworkQoeUtils: handleNetworkQoeUpdated. rtt: 0, maxRatioChannelId: 2
04-17 16:26:11.239  2720  3346 I NetworkQoeUtils: getQoeEntityFromBundle. qoeString: 10257,4,0,350,1,2,4,0,350,960700,1080600,10,10,0,0,0,0, subReason: 0,0,0,0,0,0,0,0,1,2,0,0,0,0,0,0,0,0
04-17 16:26:11.242  3762  4253 I Collector: HandleRawWifiInfoVer2: flag:0, netId:0!
04-17 16:26:11.260  1960  2101 D RenderEngine: [Task=360#733] set isRequiresLinearEffect false when dimming ratio equals 1.
04-17 16:26:11.261  1960  2101 D RenderEngine: [com.udake.app/com.udake.app.MainActivity#746] set isRequiresLinearEffect false when dimming ratio equals 1.
04-17 16:26:11.261  1960  2101 D RenderEngine: [Dim Layer for - Task=360#761] set isRequiresLinearEffect false when dimming ratio equals 1.
04-17 16:26:11.261  1960  2101 D RenderEngine: [com.udake.app/com.udake.app.MainActivity#759] set isRequiresLinearEffect false when dimming ratio equals 1.
04-17 16:26:11.261  1960  2101 D RenderEngine: [DesktopMode of Task=360#742] set isRequiresLinearEffect false when dimming ratio equals 1.
04-17 16:26:11.271  1960  2101 D RenderEngine: [Task=360#733] set isRequiresLinearEffect false when dimming ratio equals 1.
04-17 16:26:11.271  1960  2101 D RenderEngine: [com.udake.app/com.udake.app.MainActivity#746] set isRequiresLinearEffect false when dimming ratio equals 1.
04-17 16:26:11.272  1960  2101 D RenderEngine: [Dim Layer for - Task=360#761] set isRequiresLinearEffect false when dimming ratio equals 1.
04-17 16:26:11.272  1960  2101 D RenderEngine: [com.udake.app/com.udake.app.MainActivity#759] set isRequiresLinearEffect false when dimming ratio equals 1.
04-17 16:26:11.272  1960  2101 D RenderEngine: [DesktopMode of Task=360#742] set isRequiresLinearEffect false when dimming ratio equals 1.
04-17 16:26:11.293  1960  2101 D RenderEngine: [Task=360#733] set isRequiresLinearEffect false when dimming ratio equals 1.
04-17 16:26:11.294  1960  2101 D RenderEngine: [com.udake.app/com.udake.app.MainActivity#746] set isRequiresLinearEffect false when dimming ratio equals 1.
04-17 16:26:11.294  1960  2101 D RenderEngine: [Dim Layer for - Task=360#761] set isRequiresLinearEffect false when dimming ratio equals 1.
04-17 16:26:11.294  1960  2101 D RenderEngine: [com.udake.app/com.udake.app.MainActivity#759] set isRequiresLinearEffect false when dimming ratio equals 1.
04-17 16:26:11.294  1960  2101 D RenderEngine: [DesktopMode of Task=360#742] set isRequiresLinearEffect false when dimming ratio equals 1.
04-17 16:26:11.305  1960  2101 D RenderEngine: [Task=360#733] set isRequiresLinearEffect false when dimming ratio equals 1.
04-17 16:26:11.305  1960  2101 D RenderEngine: [com.udake.app/com.udake.app.MainActivity#746] set isRequiresLinearEffect false when dimming ratio equals 1.
04-17 16:26:11.305  1960  2101 D RenderEngine: [Dim Layer for - Task=360#761] set isRequiresLinearEffect false when dimming ratio equals 1.
04-17 16:26:11.305  1960  2101 D RenderEngine: [com.udake.app/com.udake.app.MainActivity#759] set isRequiresLinearEffect false when dimming ratio equals 1.
04-17 16:26:11.305  1960  2101 D RenderEngine: [DesktopMode of Task=360#742] set isRequiresLinearEffect false when dimming ratio equals 1.
04-17 16:26:11.316  1816  3404 I sensors-hal: handle_sns_std_sensor_event:140, ambient_light_event: ts=24828917553199, lux = 49, cct=31264, aod=17760
04-17 16:26:11.327  1960  2101 D RenderEngine: [Task=360#733] set isRequiresLinearEffect false when dimming ratio equals 1.
04-17 16:26:11.327  1960  2101 D RenderEngine: [com.udake.app/com.udake.app.MainActivity#746] set isRequiresLinearEffect false when dimming ratio equals 1.
04-17 16:26:11.327  1960  2101 D RenderEngine: [Dim Layer for - Task=360#761] set isRequiresLinearEffect false when dimming ratio equals 1.
04-17 16:26:11.327  1960  2101 D RenderEngine: [com.udake.app/com.udake.app.MainActivity#759] set isRequiresLinearEffect false when dimming ratio equals 1.
04-17 16:26:11.327  1960  2101 D RenderEngine: [DesktopMode of Task=360#742] set isRequiresLinearEffect false when dimming ratio equals 1.
04-17 16:26:11.338  1960  2101 D RenderEngine: [Task=360#733] set isRequiresLinearEffect false when dimming ratio equals 1.
04-17 16:26:11.338  1960  2101 D RenderEngine: [com.udake.app/com.udake.app.MainActivity#746] set isRequiresLinearEffect false when dimming ratio equals 1.
04-17 16:26:11.338  1960  2101 D RenderEngine: [Dim Layer for - Task=360#761] set isRequiresLinearEffect false when dimming ratio equals 1.
04-17 16:26:11.338  1960  2101 D RenderEngine: [com.udake.app/com.udake.app.MainActivity#759] set isRequiresLinearEffect false when dimming ratio equals 1.
04-17 16:26:11.338  1960  2101 D RenderEngine: [DesktopMode of Task=360#742] set isRequiresLinearEffect false when dimming ratio equals 1.
04-17 16:26:11.360  1960  2101 D RenderEngine: [Task=360#733] set isRequiresLinearEffect false when dimming ratio equals 1.
04-17 16:26:11.360  1960  2101 D RenderEngine: [com.udake.app/com.udake.app.MainActivity#746] set isRequiresLinearEffect false when dimming ratio equals 1.
04-17 16:26:11.360  1960  2101 D RenderEngine: [Dim Layer for - Task=360#761] set isRequiresLinearEffect false when dimming ratio equals 1.
04-17 16:26:11.361  1960  2101 D RenderEngine: [com.udake.app/com.udake.app.MainActivity#759] set isRequiresLinearEffect false when dimming ratio equals 1.
04-17 16:26:11.361  1960  2101 D RenderEngine: [DesktopMode of Task=360#742] set isRequiresLinearEffect false when dimming ratio equals 1.
04-17 16:26:11.371  1960  2101 D RenderEngine: [Task=360#733] set isRequiresLinearEffect false when dimming ratio equals 1.
04-17 16:26:11.371  1960  2101 D RenderEngine: [com.udake.app/com.udake.app.MainActivity#746] set isRequiresLinearEffect false when dimming ratio equals 1.
04-17 16:26:11.371  1960  2101 D RenderEngine: [Dim Layer for - Task=360#761] set isRequiresLinearEffect false when dimming ratio equals 1.
04-17 16:26:11.371  1960  2101 D RenderEngine: [com.udake.app/com.udake.app.MainActivity#759] set isRequiresLinearEffect false when dimming ratio equals 1.
04-17 16:26:11.371  1960  2101 D RenderEngine: [DesktopMode of Task=360#742] set isRequiresLinearEffect false when dimming ratio equals 1.
04-17 16:26:11.393  1960  2101 D RenderEngine: [Task=360#733] set isRequiresLinearEffect false when dimming ratio equals 1.
04-17 16:26:11.393  1960  2101 D RenderEngine: [com.udake.app/com.udake.app.MainActivity#746] set isRequiresLinearEffect false when dimming ratio equals 1.
04-17 16:26:11.393  1960  2101 D RenderEngine: [Dim Layer for - Task=360#761] set isRequiresLinearEffect false when dimming ratio equals 1.
04-17 16:26:11.393  1960  2101 D RenderEngine: [com.udake.app/com.udake.app.MainActivity#759] set isRequiresLinearEffect false when dimming ratio equals 1.
04-17 16:26:11.393  1960  2101 D RenderEngine: [DesktopMode of Task=360#742] set isRequiresLinearEffect false when dimming ratio equals 1.
04-17 16:26:11.403  1960  2101 D RenderEngine: [Task=360#733] set isRequiresLinearEffect false when dimming ratio equals 1.
04-17 16:26:11.403  1960  2101 D RenderEngine: [com.udake.app/com.udake.app.MainActivity#746] set isRequiresLinearEffect false when dimming ratio equals 1.
04-17 16:26:11.403  1960  2101 D RenderEngine: [Dim Layer for - Task=360#761] set isRequiresLinearEffect false when dimming ratio equals 1.
04-17 16:26:11.404  1960  2101 D RenderEngine: [com.udake.app/com.udake.app.MainActivity#759] set isRequiresLinearEffect false when dimming ratio equals 1.
04-17 16:26:11.404  1960  2101 D RenderEngine: [DesktopMode of Task=360#742] set isRequiresLinearEffect false when dimming ratio equals 1.
04-17 16:26:11.426  1960  2101 D RenderEngine: [Task=360#733] set isRequiresLinearEffect false when dimming ratio equals 1.
04-17 16:26:11.426  1960  2101 D RenderEngine: [com.udake.app/com.udake.app.MainActivity#746] set isRequiresLinearEffect false when dimming ratio equals 1.
04-17 16:26:11.426  1960  2101 D RenderEngine: [Dim Layer for - Task=360#761] set isRequiresLinearEffect false when dimming ratio equals 1.
04-17 16:26:11.426  1960  2101 D RenderEngine: [com.udake.app/com.udake.app.MainActivity#759] set isRequiresLinearEffect false when dimming ratio equals 1.
04-17 16:26:11.426  1960  2101 D RenderEngine: [DesktopMode of Task=360#742] set isRequiresLinearEffect false when dimming ratio equals 1.
